Archive member included to satisfy reference by file (symbol)

c:/program files (x86)/atmel/studio/7.0/toolchain/avr8/avr8-gnu-toolchain/bin/../lib/gcc/avr/5.4.0/../../../../avr/lib/avrxmega4\libm.a(addsf3.o)
                              Sensors.o (__subsf3)
c:/program files (x86)/atmel/studio/7.0/toolchain/avr8/avr8-gnu-toolchain/bin/../lib/gcc/avr/5.4.0/../../../../avr/lib/avrxmega4\libm.a(addsf3x.o)
                              c:/program files (x86)/atmel/studio/7.0/toolchain/avr8/avr8-gnu-toolchain/bin/../lib/gcc/avr/5.4.0/../../../../avr/lib/avrxmega4\libm.a(addsf3.o) (__addsf3x)
c:/program files (x86)/atmel/studio/7.0/toolchain/avr8/avr8-gnu-toolchain/bin/../lib/gcc/avr/5.4.0/../../../../avr/lib/avrxmega4\libm.a(atan2.o)
                              Sensors.o (atan2)
c:/program files (x86)/atmel/studio/7.0/toolchain/avr8/avr8-gnu-toolchain/bin/../lib/gcc/avr/5.4.0/../../../../avr/lib/avrxmega4\libm.a(atan.o)
                              c:/program files (x86)/atmel/studio/7.0/toolchain/avr8/avr8-gnu-toolchain/bin/../lib/gcc/avr/5.4.0/../../../../avr/lib/avrxmega4\libm.a(atan2.o) (atan)
c:/program files (x86)/atmel/studio/7.0/toolchain/avr8/avr8-gnu-toolchain/bin/../lib/gcc/avr/5.4.0/../../../../avr/lib/avrxmega4\libm.a(cmpsf2.o)
                              Sensors.o (__lesf2)
c:/program files (x86)/atmel/studio/7.0/toolchain/avr8/avr8-gnu-toolchain/bin/../lib/gcc/avr/5.4.0/../../../../avr/lib/avrxmega4\libm.a(cos.o)
                              Sensors.o (cos)
c:/program files (x86)/atmel/studio/7.0/toolchain/avr8/avr8-gnu-toolchain/bin/../lib/gcc/avr/5.4.0/../../../../avr/lib/avrxmega4\libm.a(divsf3.o)
                              Sensors.o (__divsf3)
c:/program files (x86)/atmel/studio/7.0/toolchain/avr8/avr8-gnu-toolchain/bin/../lib/gcc/avr/5.4.0/../../../../avr/lib/avrxmega4\libm.a(divsf3x.o)
                              c:/program files (x86)/atmel/studio/7.0/toolchain/avr8/avr8-gnu-toolchain/bin/../lib/gcc/avr/5.4.0/../../../../avr/lib/avrxmega4\libm.a(divsf3.o) (__divsf3x)
c:/program files (x86)/atmel/studio/7.0/toolchain/avr8/avr8-gnu-toolchain/bin/../lib/gcc/avr/5.4.0/../../../../avr/lib/avrxmega4\libm.a(fixsfsi.o)
                              Sensors.o (__fixsfsi)
c:/program files (x86)/atmel/studio/7.0/toolchain/avr8/avr8-gnu-toolchain/bin/../lib/gcc/avr/5.4.0/../../../../avr/lib/avrxmega4\libm.a(fixunssfsi.o)
                              c:/program files (x86)/atmel/studio/7.0/toolchain/avr8/avr8-gnu-toolchain/bin/../lib/gcc/avr/5.4.0/../../../../avr/lib/avrxmega4\libm.a(fixsfsi.o) (__fixunssfsi)
c:/program files (x86)/atmel/studio/7.0/toolchain/avr8/avr8-gnu-toolchain/bin/../lib/gcc/avr/5.4.0/../../../../avr/lib/avrxmega4\libm.a(floatsisf.o)
                              Communication.o (__floatunsisf)
c:/program files (x86)/atmel/studio/7.0/toolchain/avr8/avr8-gnu-toolchain/bin/../lib/gcc/avr/5.4.0/../../../../avr/lib/avrxmega4\libm.a(fp_cmp.o)
                              c:/program files (x86)/atmel/studio/7.0/toolchain/avr8/avr8-gnu-toolchain/bin/../lib/gcc/avr/5.4.0/../../../../avr/lib/avrxmega4\libm.a(cmpsf2.o) (__fp_cmp)
c:/program files (x86)/atmel/studio/7.0/toolchain/avr8/avr8-gnu-toolchain/bin/../lib/gcc/avr/5.4.0/../../../../avr/lib/avrxmega4\libm.a(fp_inf.o)
                              c:/program files (x86)/atmel/studio/7.0/toolchain/avr8/avr8-gnu-toolchain/bin/../lib/gcc/avr/5.4.0/../../../../avr/lib/avrxmega4\libm.a(addsf3x.o) (__fp_inf)
c:/program files (x86)/atmel/studio/7.0/toolchain/avr8/avr8-gnu-toolchain/bin/../lib/gcc/avr/5.4.0/../../../../avr/lib/avrxmega4\libm.a(fp_nan.o)
                              c:/program files (x86)/atmel/studio/7.0/toolchain/avr8/avr8-gnu-toolchain/bin/../lib/gcc/avr/5.4.0/../../../../avr/lib/avrxmega4\libm.a(addsf3x.o) (__fp_nan)
c:/program files (x86)/atmel/studio/7.0/toolchain/avr8/avr8-gnu-toolchain/bin/../lib/gcc/avr/5.4.0/../../../../avr/lib/avrxmega4\libm.a(fp_powser.o)
                              c:/program files (x86)/atmel/studio/7.0/toolchain/avr8/avr8-gnu-toolchain/bin/../lib/gcc/avr/5.4.0/../../../../avr/lib/avrxmega4\libm.a(atan.o) (__fp_powser)
c:/program files (x86)/atmel/studio/7.0/toolchain/avr8/avr8-gnu-toolchain/bin/../lib/gcc/avr/5.4.0/../../../../avr/lib/avrxmega4\libm.a(fp_pscA.o)
                              c:/program files (x86)/atmel/studio/7.0/toolchain/avr8/avr8-gnu-toolchain/bin/../lib/gcc/avr/5.4.0/../../../../avr/lib/avrxmega4\libm.a(addsf3x.o) (__fp_pscA)
c:/program files (x86)/atmel/studio/7.0/toolchain/avr8/avr8-gnu-toolchain/bin/../lib/gcc/avr/5.4.0/../../../../avr/lib/avrxmega4\libm.a(fp_pscB.o)
                              c:/program files (x86)/atmel/studio/7.0/toolchain/avr8/avr8-gnu-toolchain/bin/../lib/gcc/avr/5.4.0/../../../../avr/lib/avrxmega4\libm.a(addsf3x.o) (__fp_pscB)
c:/program files (x86)/atmel/studio/7.0/toolchain/avr8/avr8-gnu-toolchain/bin/../lib/gcc/avr/5.4.0/../../../../avr/lib/avrxmega4\libm.a(fp_rempio2.o)
[...]
Memory Configuration

Name             Origin             Length             Attributes
text             0x00000000         0x00020000         xr
data             0x00804000         0x00004000         rw !x
eeprom           0x00810000         0x00000200         rw !x
fuse             0x00820000         0x00000010         rw !x
lock             0x00830000         0x00000400         rw !x
signature        0x00840000         0x00000400         rw !x
user_signatures  0x00850000         0x00000400         rw !x
*default*        0x00000000         0xffffffff

Linker script and memory map

Address of section .data set to 0x804000
                0x00008000                __RODATA_PM_OFFSET__ = 0x8000
LOAD C:/Program Files (x86)/Atmel/Studio/7.0/Packs/Atmel/AVR-Dx_DFP/2.6.303/gcc/dev/avr128db48/avrxmega4/crtavr128db48.o
LOAD Communication.o
LOAD Controllers.o
LOAD main.o
LOAD Sensors.o
START GROUP
LOAD c:/program files (x86)/atmel/studio/7.0/toolchain/avr8/avr8-gnu-toolchain/bin/../lib/gcc/avr/5.4.0/../../../../avr/lib/avrxmega4\libm.a
END GROUP
LOAD c:/program files (x86)/atmel/studio/7.0/toolchain/avr8/avr8-gnu-toolchain/bin/../lib/gcc/avr/5.4.0/../../../../avr/lib/avrxmega4\libprintf_flt.a
LOAD c:/program files (x86)/atmel/studio/7.0/toolchain/avr8/avr8-gnu-toolchain/bin/../lib/gcc/avr/5.4.0/../../../../avr/lib/avrxmega4\libm.a
START GROUP
LOAD c:/program files (x86)/atmel/studio/7.0/toolchain/avr8/avr8-gnu-toolchain/bin/../lib/gcc/avr/5.4.0/avrxmega4\libgcc.a
LOAD c:/program files (x86)/atmel/studio/7.0/toolchain/avr8/avr8-gnu-toolchain/bin/../lib/gcc/avr/5.4.0/../../../../avr/lib/avrxmega4\libm.a
LOAD c:/program files (x86)/atmel/studio/7.0/toolchain/avr8/avr8-gnu-toolchain/bin/../lib/gcc/avr/5.4.0/../../../../avr/lib/avrxmega4\libc.a
LOAD C:/Program Files (x86)/Atmel/Studio/7.0/Packs/Atmel/AVR-Dx_DFP/2.6.303/gcc/dev/avr128db48/avrxmega4\libavr128db48.a
END GROUP
                [0x00000000]                __TEXT_REGION_ORIGIN__ = DEFINED (__TEXT_REGION_ORIGIN__)?__TEXT_REGION_ORIGIN__:0x0
                [0x00804000]                __DATA_REGION_ORIGIN__ = DEFINED (__DATA_REGION_ORIGIN__)?__DATA_REGION_ORIGIN__:0x802000
                [0x00020000]                __TEXT_REGION_LENGTH__ = DEFINED (__TEXT_REGION_LENGTH__)?__TEXT_REGION_LENGTH__:0x100000
                [0x00004000]                __DATA_REGION_LENGTH__ = DEFINED (__DATA_REGION_LENGTH__)?__DATA_REGION_LENGTH__:0xffa0
                [0x00000200]                __EEPROM_REGION_LENGTH__ = DEFINED (__EEPROM_REGION_LENGTH__)?__EEPROM_REGION_LENGTH__:0x10000
                [0x00000010]                __FUSE_REGION_LENGTH__ = DEFINED (__FUSE_REGION_LENGTH__)?__FUSE_REGION_LENGTH__:0x400
                0x00000400                __LOCK_REGION_LENGTH__ = DEFINED (__LOCK_REGION_LENGTH__)?__LOCK_REGION_LENGTH__:0x400
                0x00000400                __SIGNATURE_REGION_LENGTH__ = DEFINED (__SIGNATURE_REGION_LENGTH__)?__SIGNATURE_REGION_LENGTH__:0x400
                0x00000400                __USER_SIGNATURE_REGION_LENGTH__ = DEFINED (__USER_SIGNATURE_REGION_LENGTH__)?__USER_SIGNATURE_REGION_LENGTH__:0x400

.hash
 *(.hash)

.dynsym
 *(.dynsym)

.dynstr
 *(.dynstr)

.gnu.version
 *(.gnu.version)

.gnu.version_d
 *(.gnu.version_d)

.gnu.version_r
 *(.gnu.version_r)

.rel.init
 *(.rel.init)

.rela.init
 *(.rela.init)

.rel.text
 *(.rel.text)
 *(.rel.text.*)
 *(.rel.gnu.linkonce.t*)

.rela.text
 *(.rela.text)
 *(.rela.text.*)
 *(.rela.gnu.linkonce.t*)

.rel.fini
 *(.rel.fini)

.rela.fini
 *(.rela.fini)

.rel.rodata
 *(.rel.rodata)
 *(.rel.rodata.*)
 *(.rel.gnu.linkonce.r*)

.rela.rodata
 *(.rela.rodata)
 *(.rela.rodata.*)
 *(.rela.gnu.linkonce.r*)

.rel.data
 *(.rel.data)
 *(.rel.data.*)
 *(.rel.gnu.linkonce.d*)

.rela.data
 *(.rela.data)
 *(.rela.data.*)
 *(.rela.gnu.linkonce.d*)

.rel.ctors
 *(.rel.ctors)

.rela.ctors
 *(.rela.ctors)

.rel.dtors
 *(.rel.dtors)

.rela.dtors
 *(.rela.dtors)

.rel.got
 *(.rel.got)

.rela.got
 *(.rela.got)

.rel.bss
 *(.rel.bss)

.rela.bss
 *(.rela.bss)

.rel.plt
 *(.rel.plt)

.rela.plt
 *(.rela.plt)

.text           0x00000000     0x567e
 *(.vectors)
 .vectors       0x00000000       0xf4 C:/Program Files (x86)/Atmel/Studio/7.0/Packs/Atmel/AVR-Dx_DFP/2.6.303/gcc/dev/avr128db48/avrxmega4/crtavr128db48.o
                0x00000000                __vector_default
                0x00000000                __vectors
 *(.vectors)
 *(.progmem.gcc*)
 .progmem.gcc_sw_table.Write_Character
                0x000000f4       0x5e Communication.o
 .progmem.gcc_sw_table.Clear_Display
                0x00000152       0x10 Communication.o
 .progmem.gcc_sw_table.Print_Page
                0x00000162        0xe Communication.o
 .progmem.gcc_fplib
                0x00000170       0x2d c:/program files (x86)/atmel/studio/7.0/toolchain/avr8/avr8-gnu-toolchain/bin/../lib/gcc/avr/5.4.0/../../../../avr/lib/avrxmega4\libm.a(atan.o)
 .progmem.gcc_fplib
                0x0000019d       0x1e c:/program files (x86)/atmel/studio/7.0/toolchain/avr8/avr8-gnu-toolchain/bin/../lib/gcc/avr/5.4.0/../../../../avr/lib/avrxmega4\libm.a(fp_sinus.o)
 .progmem.gcc_fplib
                0x000001bb       0x23 c:/program files (x86)/atmel/studio/7.0/toolchain/avr8/avr8-gnu-toolchain/bin/../lib/gcc/avr/5.4.0/../../../../avr/lib/avrxmega4\libm.a(tan.o)
 .progmem.gcc_fplib
                0x000001de       0x28 c:/program files (x86)/atmel/studio/7.0/toolchain/avr8/avr8-gnu-toolchain/bin/../lib/gcc/avr/5.4.0/../../../../avr/lib/avrxmega4\libm.a(exp.o)
 .progmem.gcc_fplib
                0x00000206       0x5a c:/program files (x86)/atmel/studio/7.0/toolchain/avr8/avr8-gnu-toolchain/bin/../lib/gcc/avr/5.4.0/../../../../avr/lib/avrxmega4\libm.a(log.o)
                0x00000260                . = ALIGN (0x2)
                0x00000260                __trampolines_start = .
 *(.trampolines)
 .trampolines   0x00000260        0x0 linker stubs
 *(.trampolines*)
                0x00000260                __trampolines_end = .
 *libprintf_flt.a:*(.progmem.data)
 .progmem.data  0x00000260        0x8 c:/program files (x86)/atmel/studio/7.0/toolchain/avr8/avr8-gnu-toolchain/bin/../lib/gcc/avr/5.4.0/../../../../avr/lib/avrxmega4\libprintf_flt.a(vfprintf_flt.o)
 *libc.a:*(.progmem.data)
 .progmem.data  0x00000268       0x3b c:/program files (x86)/atmel/studio/7.0/toolchain/avr8/avr8-gnu-toolchain/bin/../lib/gcc/avr/5.4.0/../../../../avr/lib/avrxmega4\libc.a(strtod.o)
 .progmem.data  0x000002a3       0xfa c:/program files (x86)/atmel/studio/7.0/toolchain/avr8/avr8-gnu-toolchain/bin/../lib/gcc/avr/5.4.0/../../../../avr/lib/avrxmega4\libc.a(ftoa_engine.o)
 *(.progmem*)
                0x0000039e                . = ALIGN (0x2)
 *fill*         0x0000039d        0x1 
 *(.jumptables)
 *(.jumptables*)
 *(.lowtext)
 *(.lowtext*)
                0x0000039e                __ctors_start = .
 *(.ctors)
                0x0000039e                __ctors_end = .
                0x0000039e                __dtors_start = .
 *(.dtors)
                0x0000039e                __dtors_end = .
 SORT(*)(.ctors)
 SORT(*)(.dtors)
 *(.init0)
 .init0         0x0000039e        0x0 C:/Program Files (x86)/Atmel/Studio/7.0/Packs/Atmel/AVR-Dx_DFP/2.6.303/gcc/dev/avr128db48/avrxmega4/crtavr128db48.o
                0x0000039e                __init
 *(.init0)
 *(.init1)
 *(.init1)
 *(.init2)
 .init2         0x0000039e        0xc C:/Program Files (x86)/Atmel/Studio/7.0/Packs/Atmel/AVR-Dx_DFP/2.6.303/gcc/dev/avr128db48/avrxmega4/crtavr128db48.o
 *(.init2)
 *(.init3)
 *(.init3)
 *(.init4)
 .init4         0x000003aa       0x1a c:/program files (x86)/atmel/studio/7.0/toolchain/avr8/avr8-gnu-toolchain/bin/../lib/gcc/avr/5.4.0/avrxmega4\libgcc.a(_copy_data.o)
                0x000003aa                __do_copy_data
 .init4         0x000003c4       0x10 c:/program files (x86)/atmel/studio/7.0/toolchain/avr8/avr8-gnu-toolchain/bin/../lib/gcc/avr/5.4.0/avrxmega4\libgcc.a(_clear_bss.o)
                0x000003c4                __do_clear_bss
 *(.init4)
 *(.init5)
 *(.init5)
 *(.init6)
 *(.init6)
 *(.init7)
 *(.init7)
 *(.init8)
 *(.init8)
 *(.init9)
 .init9         0x000003d4        0x8 C:/Program Files (x86)/Atmel/Studio/7.0/Packs/Atmel/AVR-Dx_DFP/2.6.303/gcc/dev/avr128db48/avrxmega4/crtavr128db48.o
 *(.init9)
 *(.text)
 .text          0x000003dc        0x4 C:/Program Files (x86)/Atmel/Studio/7.0/Packs/Atmel/AVR-Dx_DFP/2.6.303/gcc/dev/avr128db48/avrxmega4/crtavr128db48.o
                0x000003dc                __vector_38
                0x000003dc                __vector_22
                0x000003dc                __vector_28
                0x000003dc                __vector_1
                0x000003dc                __vector_32
                0x000003dc                __vector_34
                0x000003dc                __vector_24
                0x000003dc                __vector_55
                0x000003dc                __vector_46
                0x000003dc                __bad_interrupt
                0x000003dc                __vector_6
                0x000003dc                __vector_31
                0x000003dc                __vector_35
                0x000003dc                __vector_39
                0x000003dc                __vector_3
                0x000003dc                __vector_23
                0x000003dc                __vector_30
                0x000003dc                __vector_45
                0x000003dc                __vector_25
                0x000003dc                __vector_54
                0x000003dc                __vector_17
                0x000003dc                __vector_19
                0x000003dc                __vector_56
                0x000003dc                __vector_7
                0x000003dc                __vector_41
                0x000003dc                __vector_43
                0x000003dc                __vector_27
                0x000003dc                __vector_33
                0x000003dc                __vector_47
                0x000003dc                __vector_52
                0x000003dc                __vector_37
                0x000003dc                __vector_4
                0x000003dc                __vector_44
                0x000003dc                __vector_51
                0x000003dc                __vector_9
                0x000003dc                __vector_2
                0x000003dc                __vector_21
                0x000003dc                __vector_36
                0x000003dc                __vector_58
                0x000003dc                __vector_29
                0x000003dc                __vector_60
                0x000003dc                __vector_40
                0x000003dc                __vector_8
                0x000003dc                __vector_48
                0x000003dc                __vector_57
                0x000003dc                __vector_10
                0x000003dc                __vector_50
                0x000003dc                __vector_16
                0x000003dc                __vector_59
                0x000003dc                __vector_18
                0x000003dc                __vector_20
                0x000003dc                __vector_42
                0x000003e0                . = ALIGN (0x2)
 *(.text.*)
 .text.Setup_SPI
                0x000003e0       0x3e Communication.o
                0x000003e0                Setup_SPI
 .text.Read_SPI
                0x0000041e      0x140 Communication.o
                0x0000041e                Read_SPI
 .text.Write_SPI
                0x0000055e      0x114 Communication.o
                0x0000055e                Write_SPI
 .text.Setup_TWI
                0x00000672       0x3a Communication.o
                0x00000672                Setup_TWI
 .text.Write_TWI
                0x000006ac      0x120 Communication.o
                0x000006ac                Write_TWI
 .text.Setup_LoRa
                0x000007cc       0x8e Communication.o
                0x000007cc                Setup_LoRa
 .text.Read_LoRa
                0x0000085a       0xb8 Communication.o
                0x0000085a                Read_LoRa
 .text.Write_Character
                0x00000912      0x34c Communication.o
                0x00000912                Write_Character
 .text.Clear_Display
                0x00000c5e      0x1a8 Communication.o
                0x00000c5e                Clear_Display
 .text.Setup_SSD
                0x00000e06      0x1a0 Communication.o
                0x00000e06                Setup_SSD
 .text.Print_Page
                0x00000fa6      0x1a4 Communication.o
                0x00000fa6                Print_Page
 .text.Run_Motors
                0x0000114a       0xe6 Controllers.o
                0x0000114a                Run_Motors
 .text.__vector_11
                0x00001230       0x5c Controllers.o
                0x00001230                __vector_11
 .text.__vector_12
                0x0000128c       0x5c Controllers.o
                0x0000128c                __vector_12
 .text.__vector_13
                0x000012e8       0x5c Controllers.o
                0x000012e8                __vector_13
 .text.__vector_49
                0x00001344       0x46 Controllers.o
                0x00001344                __vector_49
 .text.Setup_Timers
                0x0000138a       0x76 main.o
                0x0000138a                Setup_Timers
 .text.Setup_ADC
                0x00001400       0x34 main.o
                0x00001400                Setup_ADC
 .text.__vector_26
                0x00001434       0x2c main.o
                0x00001434                __vector_26
 .text.Run      0x00001460      0x2a0 main.o
                0x00001460                Run
 .text.Delay    0x00001700       0xaa main.o
                0x00001700                Delay
 .text.Setup    0x000017aa       0xba main.o
                0x000017aa                Setup
 .text.main     0x00001864       0x1e main.o
                0x00001864                main
 .text.__vector_5
                0x00001882       0x5a main.o
                0x00001882                __vector_5
 .text.__vector_14
                0x000018dc       0x50 main.o
                0x000018dc                __vector_14
 .text.__vector_15
                0x0000192c       0x28 main.o
                0x0000192c                __vector_15
 .text.Setup_Bar
                0x00001954       0x66 Sensors.o
                0x00001954                Setup_Bar
 .text.Height_Bar
                0x000019ba       0x42 Sensors.o
                0x000019ba                Height_Bar
 .text.Read_Bar
                0x000019fc      0x120 Sensors.o
                0x000019fc                Read_Bar
 .text.Setup_IMU
                0x00001b1c       0x66 Sensors.o
                0x00001b1c                Setup_IMU
 .text.Read_IMU
                0x00001b82      0x3b8 Sensors.o
                0x00001b82                Read_IMU
 .text.Setup_Mag
                0x00001f3a       0x66 Sensors.o
                0x00001f3a                Setup_Mag
 .text.Read_Mag
                0x00001fa0      0x45c Sensors.o
                0x00001fa0                Read_Mag
 .text.LLA_to_NED
                0x000023fc      0x394 Sensors.o
                0x000023fc                LLA_to_NED
 .text.Read_GPS
                0x00002790      0x966 Sensors.o
                0x00002790                Read_GPS
 .text.USART_Transmit
                0x000030f6       0x3e Sensors.o
                0x000030f6                USART_Transmit
 .text.Setup_GPS
                0x00003134      0x396 Sensors.o
                0x00003134                Setup_GPS
 .text.__vector_53
                0x000034ca       0x58 Sensors.o
                0x000034ca                __vector_53
 .text.Observer
                0x00003522      0x596 Sensors.o
                0x00003522                Observer
 .text.avr-libc.fplib
                0x00003ab8        0xe c:/program files (x86)/atmel/studio/7.0/toolchain/avr8/avr8-gnu-toolchain/bin/../lib/gcc/avr/5.4.0/../../../../avr/lib/avrxmega4\libm.a(addsf3.o)
                0x00003ab8                __subsf3
                0x00003aba                __addsf3
 .text.avr-libc.fplib
                0x00003ac6       0xcc c:/program files (x86)/atmel/studio/7.0/toolchain/avr8/avr8-gnu-toolchain/bin/../lib/gcc/avr/5.4.0/../../../../avr/lib/avrxmega4\libm.a(addsf3x.o)
                0x00003ae8                __addsf3x
 .text.avr-libc.fplib
                0x00003b92       0x86 c:/program files (x86)/atmel/studio/7.0/toolchain/avr8/avr8-gnu-toolchain/bin/../lib/gcc/avr/5.4.0/../../../../avr/lib/avrxmega4\libm.a(atan2.o)
                0x00003bb8                atan2
 .text.avr-libc.fplib
                0x00003c18       0x5e c:/program files (x86)/atmel/studio/7.0/toolchain/avr8/avr8-gnu-toolchain/bin/../lib/gcc/avr/5.4.0/../../../../avr/lib/avrxmega4\libm.a(atan.o)
                0x00003c18                atan
 .text.avr-libc.fplib
                0x00003c76        0xa c:/program files (x86)/atmel/studio/7.0/toolchain/avr8/avr8-gnu-toolchain/bin/../lib/gcc/avr/5.4.0/../../../../avr/lib/avrxmega4\libm.a(cmpsf2.o)
                0x00003c76                __nesf2
                0x00003c76                __eqsf2
                0x00003c76                __cmpsf2
                0x00003c76                __ltsf2
                0x00003c76                __lesf2
 .text.avr-libc.fplib
                0x00003c80        0xa c:/program files (x86)/atmel/studio/7.0/toolchain/avr8/avr8-gnu-toolchain/bin/../lib/gcc/avr/5.4.0/../../../../avr/lib/avrxmega4\libm.a(cos.o)
                0x00003c80                cos
 .text.avr-libc.fplib
                0x00003c8a        0x8 c:/program files (x86)/atmel/studio/7.0/toolchain/avr8/avr8-gnu-toolchain/bin/../lib/gcc/avr/5.4.0/../../../../avr/lib/avrxmega4\libm.a(divsf3.o)
                0x00003c8a                __divsf3
 .text.avr-libc.fplib
                0x00003c92       0xdc c:/program files (x86)/atmel/studio/7.0/toolchain/avr8/avr8-gnu-toolchain/bin/../lib/gcc/avr/5.4.0/../../../../avr/lib/avrxmega4\libm.a(divsf3x.o)
                0x00003cb2                __divsf3x
                0x00003cb8                __divsf3_pse
 .text.avr-libc.fplib
                0x00003d6e        0xe c:/program files (x86)/atmel/studio/7.0/toolchain/avr8/avr8-gnu-toolchain/bin/../lib/gcc/avr/5.4.0/../../../../avr/lib/avrxmega4\libm.a(fixsfsi.o)
                0x00003d6e                __fixsfsi
 .text.avr-libc.fplib
                0x00003d7c       0x5e c:/program files (x86)/atmel/studio/7.0/toolchain/avr8/avr8-gnu-toolchain/bin/../lib/gcc/avr/5.4.0/../../../../avr/lib/avrxmega4\libm.a(fixunssfsi.o)
                0x00003d7c                __fixunssfsi
 .text.avr-libc.fplib
                0x00003dda       0x7a c:/program files (x86)/atmel/studio/7.0/toolchain/avr8/avr8-gnu-toolchain/bin/../lib/gcc/avr/5.4.0/../../../../avr/lib/avrxmega4\libm.a(floatsisf.o)
                0x00003dda                __floatunsisf
                0x00003dde                __floatsisf
 .text.avr-libc.fplib
                0x00003e54       0x48 c:/program files (x86)/atmel/studio/7.0/toolchain/avr8/avr8-gnu-toolchain/bin/../lib/gcc/avr/5.4.0/../../../../avr/lib/avrxmega4\libm.a(fp_cmp.o)
                0x00003e54                __fp_cmp
 .text.avr-libc.fplib
                0x00003e9c        0xc c:/program files (x86)/atmel/studio/7.0/toolchain/avr8/avr8-gnu-toolchain/bin/../lib/gcc/avr/5.4.0/../../../../avr/lib/avrxmega4\libm.a(fp_inf.o)
                0x00003e9c                __fp_inf
 .text.avr-libc.fplib
                0x00003ea8        0x6 c:/program files (x86)/atmel/studio/7.0/toolchain/avr8/avr8-gnu-toolchain/bin/../lib/gcc/avr/5.4.0/../../../../avr/lib/avrxmega4\libm.a(fp_nan.o)
                0x00003ea8                __fp_nan
 .text.avr-libc.fplib
                0x00003eae       0x4e c:/program files (x86)/atmel/studio/7.0/toolchain/avr8/avr8-gnu-toolchain/bin/../lib/gcc/avr/5.4.0/../../../../avr/lib/avrxmega4\libm.a(fp_powser.o)
                0x00003eae                __fp_powser
 .text.avr-libc.fplib
                0x00003efc        0xe c:/program files (x86)/atmel/studio/7.0/toolchain/avr8/avr8-gnu-toolchain/bin/../lib/gcc/avr/5.4.0/../../../../avr/lib/avrxmega4\libm.a(fp_pscA.o)
                0x00003efc                __fp_pscA
 .text.avr-libc.fplib
                0x00003f0a        0xe c:/program files (x86)/atmel/studio/7.0/toolchain/avr8/avr8-gnu-toolchain/bin/../lib/gcc/avr/5.4.0/../../../../avr/lib/avrxmega4\libm.a(fp_pscB.o)
                0x00003f0a                __fp_pscB
 .text.avr-libc.fplib
                0x00003f18       0x56 c:/program files (x86)/atmel/studio/7.0/toolchain/avr8/avr8-gnu-toolchain/bin/../lib/gcc/avr/5.4.0/../../../../avr/lib/avrxmega4\libm.a(fp_rempio2.o)
                0x00003f1c                __fp_rempio2
 .text.avr-libc.fplib
                0x00003f6e       0x22 c:/program files (x86)/atmel/studio/7.0/toolchain/avr8/avr8-gnu-toolchain/bin/../lib/gcc/avr/5.4.0/../../../../avr/lib/avrxmega4\libm.a(fp_round.o)
                0x00003f6e                __fp_round
 .text.avr-libc.fplib
                0x00003f90       0x28 c:/program files (x86)/atmel/studio/7.0/toolchain/avr8/avr8-gnu-toolchain/bin/../lib/gcc/avr/5.4.0/../../../../avr/lib/avrxmega4\libm.a(fp_sinus.o)
                0x00003f90                __fp_sinus
 .text.avr-libc.fplib
                0x00003fb8       0x44 c:/program files (x86)/atmel/studio/7.0/toolchain/avr8/avr8-gnu-toolchain/bin/../lib/gcc/avr/5.4.0/../../../../avr/lib/avrxmega4\libm.a(fp_split3.o)
                0x00003fb8                __fp_split3
                0x00003fc8                __fp_splitA
 .text.avr-libc.fplib
                0x00003ffc        0xe c:/program files (x86)/atmel/studio/7.0/toolchain/avr8/avr8-gnu-toolchain/bin/../lib/gcc/avr/5.4.0/../../../../avr/lib/avrxmega4\libm.a(fp_zero.o)
                0x00003ffc                __fp_zero
                0x00003ffe                __fp_szero
 .text.avr-libc.fplib
                0x0000400a        0xa c:/program files (x86)/atmel/studio/7.0/toolchain/avr8/avr8-gnu-toolchain/bin/../lib/gcc/avr/5.4.0/../../../../avr/lib/avrxmega4\libm.a(gesf2.o)
                0x0000400a                __gesf2
                0x0000400a                __gtsf2
 .text.avr-libc.fplib
                0x00004014       0x10 c:/program files (x86)/atmel/studio/7.0/toolchain/avr8/avr8-gnu-toolchain/bin/../lib/gcc/avr/5.4.0/../../../../avr/lib/avrxmega4\libm.a(inverse.o)
                0x00004014                inverse
 .text.avr-libc.fplib
                0x00004024        0x8 c:/program files (x86)/atmel/studio/7.0/toolchain/avr8/avr8-gnu-toolchain/bin/../lib/gcc/avr/5.4.0/../../../../avr/lib/avrxmega4\libm.a(mulsf3.o)
                0x00004024                __mulsf3
 .text.avr-libc.fplib
                0x0000402c       0xd2 c:/program files (x86)/atmel/studio/7.0/toolchain/avr8/avr8-gnu-toolchain/bin/../lib/gcc/avr/5.4.0/../../../../avr/lib/avrxmega4\libm.a(mulsf3x.o)
                0x0000404a                __mulsf3x
                0x00004050                __mulsf3_pse
 .text.avr-libc.fplib
                0x000040fe       0xa0 c:/program files (x86)/atmel/studio/7.0/toolchain/avr8/avr8-gnu-toolchain/bin/../lib/gcc/avr/5.4.0/../../../../avr/lib/avrxmega4\libm.a(pow.o)
                0x000040fe                pow
 .text.avr-libc.fplib
                0x0000419e       0x10 c:/program files (x86)/atmel/studio/7.0/toolchain/avr8/avr8-gnu-toolchain/bin/../lib/gcc/avr/5.4.0/../../../../avr/lib/avrxmega4\libm.a(sin.o)
                0x0000419e                sin
 .text.avr-libc.fplib
                0x000041ae       0x8c c:/program files (x86)/atmel/studio/7.0/toolchain/avr8/avr8-gnu-toolchain/bin/../lib/gcc/avr/5.4.0/../../../../avr/lib/avrxmega4\libm.a(sqrt.o)
                0x000041ba                sqrtf
                0x000041ba                sqrt
 .text.avr-libc.fplib
                0x0000423a        0x8 c:/program files (x86)/atmel/studio/7.0/toolchain/avr8/avr8-gnu-toolchain/bin/../lib/gcc/avr/5.4.0/../../../../avr/lib/avrxmega4\libm.a(square.o)
                0x0000423a                square
 .text.avr-libc.fplib
                0x00004242       0x4a c:/program files (x86)/atmel/studio/7.0/toolchain/avr8/avr8-gnu-toolchain/bin/../lib/gcc/avr/5.4.0/../../../../avr/lib/avrxmega4\libm.a(tan.o)
                0x00004242                tan
 .text.avr-libc.fplib
                0x0000428c        0xa c:/program files (x86)/atmel/studio/7.0/toolchain/avr8/avr8-gnu-toolchain/bin/../lib/gcc/avr/5.4.0/../../../../avr/lib/avrxmega4\libm.a(unordsf2.o)
                0x0000428c                __unordsf2
 .text.avr-libc.fplib
                0x00004296       0x74 c:/program files (x86)/atmel/studio/7.0/toolchain/avr8/avr8-gnu-toolchain/bin/../lib/gcc/avr/5.4.0/../../../../avr/lib/avrxmega4\libm.a(exp.o)
                0x000042a6                exp
 .text.avr-libc.fplib
                0x0000430a       0x1c c:/program files (x86)/atmel/studio/7.0/toolchain/avr8/avr8-gnu-toolchain/bin/../lib/gcc/avr/5.4.0/../../../../avr/lib/avrxmega4\libm.a(fp_mpack.o)
                0x0000430a                __fp_mpack
                0x0000430e                __fp_mpack_finite
 .text.avr-libc.fplib
                0x00004326        0xe c:/program files (x86)/atmel/studio/7.0/toolchain/avr8/avr8-gnu-toolchain/bin/../lib/gcc/avr/5.4.0/../../../../avr/lib/avrxmega4\libm.a(fp_norm2.o)
                0x00004326                __fp_norm2
 .text.avr-libc.fplib
                0x00004334       0x28 c:/program files (x86)/atmel/studio/7.0/toolchain/avr8/avr8-gnu-toolchain/bin/../lib/gcc/avr/5.4.0/../../../../avr/lib/avrxmega4\libm.a(fp_powsodd.o)
                0x00004334                __fp_powsodd
 .text.avr-libc.fplib
                0x0000435c       0x74 c:/program files (x86)/atmel/studio/7.0/toolchain/avr8/avr8-gnu-toolchain/bin/../lib/gcc/avr/5.4.0/../../../../avr/lib/avrxmega4\libm.a(ldexp.o)
                0x00004364                ldexp
 .text.avr-libc.fplib
                0x000043d0       0xa0 c:/program files (x86)/atmel/studio/7.0/toolchain/avr8/avr8-gnu-toolchain/bin/../lib/gcc/avr/5.4.0/../../../../avr/lib/avrxmega4\libm.a(log.o)
                0x000043e0                log
 .text.avr-libc.fplib
                0x00004470       0x68 c:/program files (x86)/atmel/studio/7.0/toolchain/avr8/avr8-gnu-toolchain/bin/../lib/gcc/avr/5.4.0/../../../../avr/lib/avrxmega4\libm.a(modf.o)
                0x00004470                modf
                0x00004470                modff
 .text.avr-libc
                0x000044d8      0x740 c:/program files (x86)/atmel/studio/7.0/toolchain/avr8/avr8-gnu-toolchain/bin/../lib/gcc/avr/5.4.0/../../../../avr/lib/avrxmega4\libprintf_flt.a(vfprintf_flt.o)
                0x000044d8                vfprintf
 .text.libgcc.mul
                0x00004c18       0x20 c:/program files (x86)/atmel/studio/7.0/toolchain/avr8/avr8-gnu-toolchain/bin/../lib/gcc/avr/5.4.0/avrxmega4\libgcc.a(_mulsi3.o)
                0x00004c18                __mulsi3
 .text.libgcc   0x00004c38       0x12 c:/program files (x86)/atmel/studio/7.0/toolchain/avr8/avr8-gnu-toolchain/bin/../lib/gcc/avr/5.4.0/avrxmega4\libgcc.a(_tablejump2.o)
                0x00004c38                __tablejump2__
 .text.libgcc.mul
                0x00004c4a       0x16 c:/program files (x86)/atmel/studio/7.0/toolchain/avr8/avr8-gnu-toolchain/bin/../lib/gcc/avr/5.4.0/avrxmega4\libgcc.a(_muluhisi3.o)
                0x00004c4a                __muluhisi3
 .text.libgcc.builtins
                0x00004c60       0x3c c:/program files (x86)/atmel/studio/7.0/toolchain/avr8/avr8-gnu-toolchain/bin/../lib/gcc/avr/5.4.0/avrxmega4\libgcc.a(_ashrdi3.o)
                0x00004c60                __ashrdi3
                0x00004c64                __lshrdi3
 .text.libgcc   0x00004c9c       0x12 c:/program files (x86)/atmel/studio/7.0/toolchain/avr8/avr8-gnu-toolchain/bin/../lib/gcc/avr/5.4.0/avrxmega4\libgcc.a(_adddi3.o)
                0x00004c9c                __adddi3
 .text.libgcc   0x00004cae       0x18 c:/program files (x86)/atmel/studio/7.0/toolchain/avr8/avr8-gnu-toolchain/bin/../lib/gcc/avr/5.4.0/avrxmega4\libgcc.a(_adddi3_s8.o)
                0x00004cae                __adddi3_s8
 .text.libgcc   0x00004cc6       0x12 c:/program files (x86)/atmel/studio/7.0/toolchain/avr8/avr8-gnu-toolchain/bin/../lib/gcc/avr/5.4.0/avrxmega4\libgcc.a(_cmpdi2.o)
                0x00004cc6                __cmpdi2
 .text.libgcc.mul
                0x00004cd8       0x1e c:/program files (x86)/atmel/studio/7.0/toolchain/avr8/avr8-gnu-toolchain/bin/../lib/gcc/avr/5.4.0/avrxmega4\libgcc.a(_umulhisi3.o)
                0x00004cd8                __umulhisi3
 .text.avr-libc
                0x00004cf6      0x242 c:/program files (x86)/atmel/studio/7.0/toolchain/avr8/avr8-gnu-toolchain/bin/../lib/gcc/avr/5.4.0/../../../../avr/lib/avrxmega4\libc.a(malloc.o)
                0x00004cf6                malloc
                0x00004e26                free
 .text.avr-libc
                0x00004f38      0x2b8 c:/program files (x86)/atmel/studio/7.0/toolchain/avr8/avr8-gnu-toolchain/bin/../lib/gcc/avr/5.4.0/../../../../avr/lib/avrxmega4\libc.a(strtod.o)
                0x00004f38                strtod
 .text.avr-libc
                0x000051f0       0x3c c:/program files (x86)/atmel/studio/7.0/toolchain/avr8/avr8-gnu-toolchain/bin/../lib/gcc/avr/5.4.0/../../../../avr/lib/avrxmega4\libc.a(atoi.o)
                0x000051f0                atoi
 .text.avr-libc
                0x0000522c       0x4e c:/program files (x86)/atmel/studio/7.0/toolchain/avr8/avr8-gnu-toolchain/bin/../lib/gcc/avr/5.4.0/../../../../avr/lib/avrxmega4\libc.a(atol.o)
                0x0000522c                atol
 .text.avr-libc
                0x0000527a      0x1b0 c:/program files (x86)/atmel/studio/7.0/toolchain/avr8/avr8-gnu-toolchain/bin/../lib/gcc/avr/5.4.0/../../../../avr/lib/avrxmega4\libc.a(ftoa_engine.o)
                0x0000527a                __ftoa_engine
 .text.avr-libc
                0x0000542a       0x12 c:/program files (x86)/atmel/studio/7.0/toolchain/avr8/avr8-gnu-toolchain/bin/../lib/gcc/avr/5.4.0/../../../../avr/lib/avrxmega4\libc.a(isspace.o)
                0x0000542a                isspace
 .text.avr-libc
                0x0000543c       0x30 c:/program files (x86)/atmel/studio/7.0/toolchain/avr8/avr8-gnu-toolchain/bin/../lib/gcc/avr/5.4.0/../../../../avr/lib/avrxmega4\libc.a(strncasecmp_P.o)
                0x0000543c                strncasecmp_P
 .text.avr-libc
                0x0000546c       0x16 c:/program files (x86)/atmel/studio/7.0/toolchain/avr8/avr8-gnu-toolchain/bin/../lib/gcc/avr/5.4.0/../../../../avr/lib/avrxmega4\libc.a(strnlen_P.o)
                0x0000546c                strnlen_P
 .text.avr-libc
                0x00005482       0x16 c:/program files (x86)/atmel/studio/7.0/toolchain/avr8/avr8-gnu-toolchain/bin/../lib/gcc/avr/5.4.0/../../../../avr/lib/avrxmega4\libc.a(strnlen.o)
                0x00005482                strnlen
 .text.avr-libc
                0x00005498       0x2a c:/program files (x86)/atmel/studio/7.0/toolchain/avr8/avr8-gnu-toolchain/bin/../lib/gcc/avr/5.4.0/../../../../avr/lib/avrxmega4\libc.a(mulsi10.o)
                0x00005498                __mulsi_const_10
 .text.avr-libc
                0x000054c2       0x10 c:/program files (x86)/atmel/studio/7.0/toolchain/avr8/avr8-gnu-toolchain/bin/../lib/gcc/avr/5.4.0/../../../../avr/lib/avrxmega4\libc.a(mul10.o)
                0x000054c2                __mulhi_const_10
 .text.avr-libc
                0x000054d2       0x78 c:/program files (x86)/atmel/studio/7.0/toolchain/avr8/avr8-gnu-toolchain/bin/../lib/gcc/avr/5.4.0/../../../../avr/lib/avrxmega4\libc.a(fputc.o)
                0x000054d2                fputc
 .text.avr-libc
                0x0000554a       0x6e c:/program files (x86)/atmel/studio/7.0/toolchain/avr8/avr8-gnu-toolchain/bin/../lib/gcc/avr/5.4.0/../../../../avr/lib/avrxmega4\libc.a(snprintf.o)
                0x0000554a                snprintf
 .text.avr-libc
                0x000055b8       0xbc c:/program files (x86)/atmel/studio/7.0/toolchain/avr8/avr8-gnu-toolchain/bin/../lib/gcc/avr/5.4.0/../../../../avr/lib/avrxmega4\libc.a(ultoa_invert.o)
                0x000055b8                __ultoa_invert
 .text.avr-libc
                0x00005674        0x6 c:/program files (x86)/atmel/studio/7.0/toolchain/avr8/avr8-gnu-toolchain/bin/../lib/gcc/avr/5.4.0/../../../../avr/lib/avrxmega4\libc.a(cty_isfalse.o)
                0x00005674                __ctype_isfalse
                0x00005678                __ctype_istrue
                0x0000567a                . = ALIGN (0x2)
 *(.fini9)
 .fini9         0x0000567a        0x0 c:/program files (x86)/atmel/studio/7.0/toolchain/avr8/avr8-gnu-toolchain/bin/../lib/gcc/avr/5.4.0/avrxmega4\libgcc.a(_exit.o)
                0x0000567a                _exit
                0x0000567a                exit
 *(.fini9)
 *(.fini8)
 *(.fini8)
 *(.fini7)
 *(.fini7)
 *(.fini6)
 *(.fini6)
 *(.fini5)
 *(.fini5)
 *(.fini4)
 *(.fini4)
 *(.fini3)
 *(.fini3)
 *(.fini2)
 *(.fini2)
 *(.fini1)
 *(.fini1)
 *(.fini0)
 .fini0         0x0000567a        0x4 c:/program files (x86)/atmel/studio/7.0/toolchain/avr8/avr8-gnu-toolchain/bin/../lib/gcc/avr/5.4.0/avrxmega4\libgcc.a(_exit.o)
 *(.fini0)
                0x0000567e                _etext = .

.data           0x00804000      0x1e2 load address 0x0000567e
                0x00804000                PROVIDE (__data_start, .)
 *(.data)
 .data          0x00804000        0x6 c:/program files (x86)/atmel/studio/7.0/toolchain/avr8/avr8-gnu-toolchain/bin/../lib/gcc/avr/5.4.0/../../../../avr/lib/avrxmega4\libc.a(malloc.o)
                0x00804000                __malloc_heap_end
                0x00804002                __malloc_heap_start
                0x00804004                __malloc_margin
 *(.data*)
 *(.gnu.linkonce.d*)
 *(.rodata)
 .rodata        0x00804006       0x41 Communication.o
 .rodata        0x00804047      0x18f Sensors.o
 *(.rodata*)
 .rodata.str1.1
                0x008041d6        0x9 main.o
 .rodata.str1.1
                0x008041df        0x3 Sensors.o
 *(.gnu.linkonce.r*)
                0x008041e2                . = ALIGN (0x2)
                0x008041e2                _edata = .
                0x008041e2                PROVIDE (__data_end, .)

.bss            0x008041e2      0xaf3
                0x008041e2                PROVIDE (__bss_start, .)
 *(.bss)
 *(.bss*)
 .bss.motor_lookup.4844
                0x008041e2      0x7d2 Controllers.o
 .bss.motor_throttles.4876
                0x008049b4        0x8 main.o
 .bss.Reference.4875
                0x008049bc       0x5c main.o
 .bss.Navigation_Bitmask.4877
                0x00804a18        0x1 main.o
 .bss.Drone.4874
                0x00804a19       0x5c main.o
 .bss.g_seconds
                0x00804a75        0x4 main.o
                0x00804a75                g_seconds
 .bss.g_esc_current
                0x00804a79        0x2 main.o
                0x00804a79                g_esc_current
 .bss.g_LoRa_Flag
                0x00804a7b        0x1 main.o
 .bss.g_IMU_Read_Flag
                0x00804a7c        0x1 main.o
 .bss.g_Print_Flag
                0x00804a7d        0x1 main.o
 .bss.g_Attitude_Observer_Run_Flag
                0x00804a7e        0x1 main.o
 .bss.g_BAR_Read_Flag
                0x00804a7f        0x1 main.o
 .bss.g_MAG_Read_Flag
                0x00804a80        0x1 main.o
 .bss.g_Motor_Run_Flag
                0x00804a81        0x1 main.o
 .bss.Reference_Position_ecef.5010
                0x00804a82        0xc Sensors.o
 .bss.reference_flag.5012
                0x00804a8e        0x1 Sensors.o
 .bss.Longitude_window.4951
                0x00804a8f       0x10 Sensors.o
 .bss.Latitude_window.4950
                0x00804a9f       0x10 Sensors.o
 .bss.window_counter.4954
                0x00804aaf        0x1 Sensors.o
 .bss.GPS_Position_Mode.4953
                0x00804ab0        0x1 Sensors.o
 .bss.GPS_Position_Status.4952
                0x00804ab1        0x1 Sensors.o
 .bss.hard_iron.4901
                0x00804ab2        0x6 Sensors.o
 .bss.m_min.4900
                0x00804ab8        0x6 Sensors.o
 .bss.m_max.4899
                0x00804abe        0x6 Sensors.o
 .bss.m_xyz_window.4898
                0x00804ac4       0x60 Sensors.o
 .bss.window_counter.4902
                0x00804b24        0x1 Sensors.o
 .bss.w_bias.4868
                0x00804b25        0x6 Sensors.o
 .bss.w_xyz_window.4867
                0x00804b2b       0x30 Sensors.o
 .bss.a_xyz_window.4866
                0x00804b5b       0x30 Sensors.o
 .bss.window_counter.4869
                0x00804b8b        0x1 Sensors.o
 .bss.pressure_window.4842
                0x00804b8c       0x40 Sensors.o
 .bss.window_counter.4843
                0x00804bcc        0x1 Sensors.o
 .bss.g_GPS_Read_Flag
                0x00804bcd        0x1 Sensors.o
                0x00804bcd                g_GPS_Read_Flag
 .bss.g_GPS_Data_Index
                0x00804bce        0x1 Sensors.o
 .bss.g_GPS_Data
                0x00804bcf      0x100 Sensors.o
 *(COMMON)
 COMMON         0x00804ccf        0x4 c:/program files (x86)/atmel/studio/7.0/toolchain/avr8/avr8-gnu-toolchain/bin/../lib/gcc/avr/5.4.0/../../../../avr/lib/avrxmega4\libc.a(malloc.o)
                0x00804ccf                __brkval
                0x00804cd1                __flp
 COMMON         0x00804cd3        0x2 c:/program files (x86)/atmel/studio/7.0/toolchain/avr8/avr8-gnu-toolchain/bin/../lib/gcc/avr/5.4.0/../../../../avr/lib/avrxmega4\libc.a(errno.o)
                0x00804cd3                errno
                0x00804cd5                PROVIDE (__bss_end, .)
                0x0000567e                __data_load_start = LOADADDR (.data)
                0x00005860                __data_load_end = (__data_load_start + SIZEOF (.data))

.noinit         0x00804cd5        0x0
                [!provide]                PROVIDE (__noinit_start, .)
 *(.noinit*)
                [!provide]                PROVIDE (__noinit_end, .)
                0x00804cd5                _end = .
                0x00804cd5                PROVIDE (__heap_start, .)

.eeprom         0x00810000        0x0
 *(.eeprom*)
                0x00810000                __eeprom_end = .

.fuse
 *(.fuse)
 *(.lfuse)
 *(.hfuse)
 *(.efuse)

.lock
 *(.lock*)

.signature
 *(.signature*)

.user_signatures
 *(.user_signatures*)

.stab
 *(.stab)

.stabstr
 *(.stabstr)

.stab.excl
 *(.stab.excl)

.stab.exclstr
 *(.stab.exclstr)

.stab.index
 *(.stab.index)

.stab.indexstr
 *(.stab.indexstr)

.comment        0x00000000       0x5c
 *(.comment)
 .comment       0x00000000       0x30 Communication.o
                                 0x31 (size before relaxing)
 .comment       0x00000030       0x31 Controllers.o
 .comment       0x00000030       0x31 main.o
 .comment       0x00000030       0x31 Sensors.o
 .comment       0x00000030       0x2c c:/program files (x86)/atmel/studio/7.0/toolchain/avr8/avr8-gnu-toolchain/bin/../lib/gcc/avr/5.4.0/../../../../avr/lib/avrxmega4\libprintf_flt.a(vfprintf_flt.o)
                                 0x2d (size before relaxing)
 .comment       0x0000005c       0x31 c:/program files (x86)/atmel/studio/7.0/toolchain/avr8/avr8-gnu-toolchain/bin/../lib/gcc/avr/5.4.0/../../../../avr/lib/avrxmega4\libc.a(malloc.o)
 .comment       0x0000005c       0x31 c:/program files (x86)/atmel/studio/7.0/toolchain/avr8/avr8-gnu-toolchain/bin/../lib/gcc/avr/5.4.0/../../../../avr/lib/avrxmega4\libc.a(strtod.o)
 .comment       0x0000005c       0x31 c:/program files (x86)/atmel/studio/7.0/toolchain/avr8/avr8-gnu-toolchain/bin/../lib/gcc/avr/5.4.0/../../../../avr/lib/avrxmega4\libc.a(fputc.o)
 .comment       0x0000005c       0x31 c:/program files (x86)/atmel/studio/7.0/toolchain/avr8/avr8-gnu-toolchain/bin/../lib/gcc/avr/5.4.0/../../../../avr/lib/avrxmega4\libc.a(snprintf.o)
 .comment       0x0000005c       0x2d c:/program files (x86)/atmel/studio/7.0/toolchain/avr8/avr8-gnu-toolchain/bin/../lib/gcc/avr/5.4.0/../../../../avr/lib/avrxmega4\libc.a(errno.o)

.note.gnu.avr.deviceinfo
                0x00000000       0x40
 .note.gnu.avr.deviceinfo
                0x00000000       0x40 C:/Program Files (x86)/Atmel/Studio/7.0/Packs/Atmel/AVR-Dx_DFP/2.6.303/gcc/dev/avr128db48/avrxmega4/crtavr128db48.o

.note.gnu.build-id
 *(.note.gnu.build-id)

.debug
 *(.debug)

.line
 *(.line)

.debug_srcinfo
 *(.debug_srcinfo)

.debug_sfnames
 *(.debug_sfnames)

.debug_aranges  0x00000000      0x1c0
 *(.debug_aranges)
 .debug_aranges
                0x00000000       0x90 Communication.o
 .debug_aranges
                0x00000090       0x48 Controllers.o
 .debug_aranges
                0x000000d8       0x68 main.o
 .debug_aranges
                0x00000140       0x80 Sensors.o

.debug_pubnames
 *(.debug_pubnames)

.debug_info     0x00000000     0x716f
 *(.debug_info .gnu.linkonce.wi.*)
 .debug_info    0x00000000     0x3545 C:/Program Files (x86)/Atmel/Studio/7.0/Packs/Atmel/AVR-Dx_DFP/2.6.303/gcc/dev/avr128db48/avrxmega4/crtavr128db48.o
 .debug_info    0x00003545     0x1837 Communication.o
 .debug_info    0x00004d7c      0x2bd Controllers.o
 .debug_info    0x00005039      0x9e2 main.o
 .debug_info    0x00005a1b     0x1754 Sensors.o

.debug_abbrev   0x00000000     0x3b2d
 *(.debug_abbrev)
 .debug_abbrev  0x00000000     0x3274 C:/Program Files (x86)/Atmel/Studio/7.0/Packs/Atmel/AVR-Dx_DFP/2.6.303/gcc/dev/avr128db48/avrxmega4/crtavr128db48.o
 .debug_abbrev  0x00003274      0x2a2 Communication.o
 .debug_abbrev  0x00003516      0x136 Controllers.o
 .debug_abbrev  0x0000364c      0x1fb main.o
 .debug_abbrev  0x00003847      0x2e6 Sensors.o

.debug_line     0x00000000     0x2837
 *(.debug_line .debug_line.* .debug_line_end)
 .debug_line    0x00000000      0x205 C:/Program Files (x86)/Atmel/Studio/7.0/Packs/Atmel/AVR-Dx_DFP/2.6.303/gcc/dev/avr128db48/avrxmega4/crtavr128db48.o
 .debug_line    0x00000205      0xea2 Communication.o
 .debug_line    0x000010a7      0x457 Controllers.o
 .debug_line    0x000014fe      0x67c main.o
 .debug_line    0x00001b7a      0xcbd Sensors.o

.debug_frame    0x00000000      0x8d8
 *(.debug_frame)
 .debug_frame   0x00000000      0x2cc Communication.o
 .debug_frame   0x000002cc      0x118 Controllers.o
 .debug_frame   0x000003e4      0x1d8 main.o
 .debug_frame   0x000005bc      0x31c Sensors.o

.debug_str      0x00000000    0x1cb5a
 *(.debug_str)
 .debug_str     0x00000000     0x170f C:/Program Files (x86)/Atmel/Studio/7.0/Packs/Atmel/AVR-Dx_DFP/2.6.303/gcc/dev/avr128db48/avrxmega4/crtavr128db48.o
 .debug_str     0x0000170f    0x1a5f5 Communication.o
                              0x1a965 (size before relaxing)
 .debug_str     0x0001bd04       0xb5 Controllers.o
                              0x1a626 (size before relaxing)
 .debug_str     0x0001bdb9      0x8f5 main.o
                              0x1aede (size before relaxing)
 .debug_str     0x0001c6ae      0x4ac Sensors.o
                              0x1ab08 (size before relaxing)

.debug_loc      0x00000000     0x3230
 *(.debug_loc)
 .debug_loc     0x00000000     0x176d Communication.o
 .debug_loc     0x0000176d      0x2a7 Controllers.o
 .debug_loc     0x00001a14      0x5a6 main.o
 .debug_loc     0x00001fba     0x1276 Sensors.o

.debug_macinfo
 *(.debug_macinfo)

.debug_weaknames
 *(.debug_weaknames)

.debug_funcnames
 *(.debug_funcnames)

.debug_typenames
 *(.debug_typenames)

.debug_varnames
 *(.debug_varnames)

.debug_pubtypes
 *(.debug_pubtypes)

.debug_ranges   0x00000000      0x200
 *(.debug_ranges)
 .debug_ranges  0x00000000       0xa0 Communication.o
 .debug_ranges  0x000000a0       0x50 Controllers.o
 .debug_ranges  0x000000f0       0x58 main.o
 .debug_ranges  0x00000148       0xb8 Sensors.o

.debug_macro    0x00000000     0x7d3a
 *(.debug_macro)
 .debug_macro   0x00000000      0x166 Communication.o
 .debug_macro   0x00000166      0xa6c Communication.o
 .debug_macro   0x00000bd2       0x10 Communication.o
 .debug_macro   0x00000be2      0x1c9 Communication.o
 .debug_macro   0x00000dab      0x2fc Communication.o
 .debug_macro   0x000010a7       0x9e Communication.o
 .debug_macro   0x00001145       0x19 Communication.o
 .debug_macro   0x0000115e     0x5e73 Communication.o
 .debug_macro   0x00006fd1       0x9a Communication.o
 .debug_macro   0x0000706b       0xb3 Communication.o
 .debug_macro   0x0000711e       0x34 Communication.o
 .debug_macro   0x00007152       0x16 Communication.o
 .debug_macro   0x00007168       0x18 Communication.o
 .debug_macro   0x00007180       0x1f Communication.o
 .debug_macro   0x0000719f       0x69 Communication.o
 .debug_macro   0x00007208      0x166 Communication.o
 .debug_macro   0x0000736e       0x16 Communication.o
 .debug_macro   0x00007384       0x97 Communication.o
 .debug_macro   0x0000741b       0x10 Communication.o
 .debug_macro   0x0000742b       0x1c Communication.o
 .debug_macro   0x00007447       0x97 Communication.o
 .debug_macro   0x000074de       0x5a Communication.o
 .debug_macro   0x00007538       0x58 Communication.o
 .debug_macro   0x00007590       0x10 Communication.o
 .debug_macro   0x000075a0       0x20 Communication.o
 .debug_macro   0x000075c0       0xf2 Communication.o
 .debug_macro   0x000076b2       0x3a Communication.o
 .debug_macro   0x000076ec       0x52 Communication.o
 .debug_macro   0x0000773e       0x10 Communication.o
 .debug_macro   0x0000774e       0x3a Communication.o
 .debug_macro   0x00007788       0x2e Communication.o
 .debug_macro   0x000077b6       0x58 Communication.o
 .debug_macro   0x0000780e       0x10 Communication.o
 .debug_macro   0x0000781e       0x94 Communication.o
 .debug_macro   0x000078b2       0x46 Communication.o
 .debug_macro   0x000078f8       0x10 Communication.o
 .debug_macro   0x00007908      0x166 Controllers.o
 .debug_macro   0x00007a6e      0x166 main.o
 .debug_macro   0x00007bd4      0x166 Sensors.o
OUTPUT(Flight_Controller.elf elf32-avr)
LOAD linker stubs
