Archive member included to satisfy reference by file (symbol)

c:/program files (x86)/atmel/studio/7.0/toolchain/avr8/avr8-gnu-toolchain/bin/../lib/gcc/avr/5.4.0/../../../../avr/lib/avrxmega4\libm.a(addsf3.o)
                              Controllers.o (__subsf3)
c:/program files (x86)/atmel/studio/7.0/toolchain/avr8/avr8-gnu-toolchain/bin/../lib/gcc/avr/5.4.0/../../../../avr/lib/avrxmega4\libm.a(addsf3x.o)
                              c:/program files (x86)/atmel/studio/7.0/toolchain/avr8/avr8-gnu-toolchain/bin/../lib/gcc/avr/5.4.0/../../../../avr/lib/avrxmega4\libm.a(addsf3.o) (__addsf3x)
c:/program files (x86)/atmel/studio/7.0/toolchain/avr8/avr8-gnu-toolchain/bin/../lib/gcc/avr/5.4.0/../../../../avr/lib/avrxmega4\libm.a(atan2.o)
                              Sensors.o (atan2)
c:/program files (x86)/atmel/studio/7.0/toolchain/avr8/avr8-gnu-toolchain/bin/../lib/gcc/avr/5.4.0/../../../../avr/lib/avrxmega4\libm.a(atan.o)
                              c:/program files (x86)/atmel/studio/7.0/toolchain/avr8/avr8-gnu-toolchain/bin/../lib/gcc/avr/5.4.0/../../../../avr/lib/avrxmega4\libm.a(atan2.o) (atan)
c:/program files (x86)/atmel/studio/7.0/toolchain/avr8/avr8-gnu-toolchain/bin/../lib/gcc/avr/5.4.0/../../../../avr/lib/avrxmega4\libm.a(cmpsf2.o)
                              Controllers.o (__ltsf2)
c:/program files (x86)/atmel/studio/7.0/toolchain/avr8/avr8-gnu-toolchain/bin/../lib/gcc/avr/5.4.0/../../../../avr/lib/avrxmega4\libm.a(cos.o)
                              Controllers.o (cos)
c:/program files (x86)/atmel/studio/7.0/toolchain/avr8/avr8-gnu-toolchain/bin/../lib/gcc/avr/5.4.0/../../../../avr/lib/avrxmega4\libm.a(divsf3.o)
                              Controllers.o (__divsf3)
c:/program files (x86)/atmel/studio/7.0/toolchain/avr8/avr8-gnu-toolchain/bin/../lib/gcc/avr/5.4.0/../../../../avr/lib/avrxmega4\libm.a(divsf3x.o)
                              c:/program files (x86)/atmel/studio/7.0/toolchain/avr8/avr8-gnu-toolchain/bin/../lib/gcc/avr/5.4.0/../../../../avr/lib/avrxmega4\libm.a(divsf3.o) (__divsf3x)
c:/program files (x86)/atmel/studio/7.0/toolchain/avr8/avr8-gnu-toolchain/bin/../lib/gcc/avr/5.4.0/../../../../avr/lib/avrxmega4\libm.a(fixsfsi.o)
                              Sensors.o (__fixsfsi)
c:/program files (x86)/atmel/studio/7.0/toolchain/avr8/avr8-gnu-toolchain/bin/../lib/gcc/avr/5.4.0/../../../../avr/lib/avrxmega4\libm.a(fixunssfsi.o)
                              Controllers.o (__fixunssfsi)
c:/program files (x86)/atmel/studio/7.0/toolchain/avr8/avr8-gnu-toolchain/bin/../lib/gcc/avr/5.4.0/../../../../avr/lib/avrxmega4\libm.a(floatsisf.o)
                              Communication.o (__floatunsisf)
c:/program files (x86)/atmel/studio/7.0/toolchain/avr8/avr8-gnu-toolchain/bin/../lib/gcc/avr/5.4.0/../../../../avr/lib/avrxmega4\libm.a(fp_cmp.o)
                              c:/program files (x86)/atmel/studio/7.0/toolchain/avr8/avr8-gnu-toolchain/bin/../lib/gcc/avr/5.4.0/../../../../avr/lib/avrxmega4\libm.a(cmpsf2.o) (__fp_cmp)
c:/program files (x86)/atmel/studio/7.0/toolchain/avr8/avr8-gnu-toolchain/bin/../lib/gcc/avr/5.4.0/../../../../avr/lib/avrxmega4\libm.a(fp_inf.o)
                              c:/program files (x86)/atmel/studio/7.0/toolchain/avr8/avr8-gnu-toolchain/bin/../lib/gcc/avr/5.4.0/../../../../avr/lib/avrxmega4\libm.a(addsf3x.o) (__fp_inf)
c:/program files (x86)/atmel/studio/7.0/toolchain/avr8/avr8-gnu-toolchain/bin/../lib/gcc/avr/5.4.0/../../../../avr/lib/avrxmega4\libm.a(fp_nan.o)
                              c:/program files (x86)/atmel/studio/7.0/toolchain/avr8/avr8-gnu-toolchain/bin/../lib/gcc/avr/5.4.0/../../../../avr/lib/avrxmega4\libm.a(addsf3x.o) (__fp_nan)
c:/program files (x86)/atmel/studio/7.0/toolchain/avr8/avr8-gnu-toolchain/bin/../lib/gcc/avr/5.4.0/../../../../avr/lib/avrxmega4\libm.a(fp_powser.o)
                              c:/program files (x86)/atmel/studio/7.0/toolchain/avr8/avr8-gnu-toolchain/bin/../lib/gcc/avr/5.4.0/../../../../avr/lib/avrxmega4\libm.a(atan.o) (__fp_powser)
c:/program files (x86)/atmel/studio/7.0/toolchain/avr8/avr8-gnu-toolchain/bin/../lib/gcc/avr/5.4.0/../../../../avr/lib/avrxmega4\libm.a(fp_pscA.o)
                              c:/program files (x86)/atmel/studio/7.0/toolchain/avr8/avr8-gnu-toolchain/bin/../lib/gcc/avr/5.4.0/../../../../avr/lib/avrxmega4\libm.a(addsf3x.o) (__fp_pscA)
c:/program files (x86)/atmel/studio/7.0/toolchain/avr8/avr8-gnu-toolchain/bin/../lib/gcc/avr/5.4.0/../../../../avr/lib/avrxmega4\libm.a(fp_pscB.o)
                              c:/program files (x86)/atmel/studio/7.0/toolchain/avr8/avr8-gnu-toolchain/bin/../lib/gcc/avr/5.4.0/../../../../avr/lib/avrxmega4\libm.a(addsf3x.o) (__fp_pscB)
c:/program files (x86)/atmel/studio/7.0/toolchain/avr8/avr8-gnu-toolchain/bin/../lib/gcc/avr/5.4.0/../../../../avr/lib/avrxmega4\libm.a(fp_rempio2.o)
[...]
Memory Configuration

Name             Origin             Length             Attributes
text             0x00000000         0x00020000         xr
data             0x00804000         0x00004000         rw !x
eeprom           0x00810000         0x00000200         rw !x
fuse             0x00820000         0x00000010         rw !x
lock             0x00830000         0x00000400         rw !x
signature        0x00840000         0x00000400         rw !x
user_signatures  0x00850000         0x00000400         rw !x
*default*        0x00000000         0xffffffff

Linker script and memory map

Address of section .data set to 0x804000
                0x00008000                __RODATA_PM_OFFSET__ = 0x8000
LOAD C:/Program Files (x86)/Atmel/Studio/7.0/Packs/Atmel/AVR-Dx_DFP/2.6.303/gcc/dev/avr128db48/avrxmega4/crtavr128db48.o
LOAD Communication.o
LOAD Controllers.o
LOAD main.o
LOAD Sensors.o
START GROUP
LOAD c:/program files (x86)/atmel/studio/7.0/toolchain/avr8/avr8-gnu-toolchain/bin/../lib/gcc/avr/5.4.0/../../../../avr/lib/avrxmega4\libm.a
END GROUP
LOAD c:/program files (x86)/atmel/studio/7.0/toolchain/avr8/avr8-gnu-toolchain/bin/../lib/gcc/avr/5.4.0/../../../../avr/lib/avrxmega4\libprintf_flt.a
LOAD c:/program files (x86)/atmel/studio/7.0/toolchain/avr8/avr8-gnu-toolchain/bin/../lib/gcc/avr/5.4.0/../../../../avr/lib/avrxmega4\libm.a
START GROUP
LOAD c:/program files (x86)/atmel/studio/7.0/toolchain/avr8/avr8-gnu-toolchain/bin/../lib/gcc/avr/5.4.0/avrxmega4\libgcc.a
LOAD c:/program files (x86)/atmel/studio/7.0/toolchain/avr8/avr8-gnu-toolchain/bin/../lib/gcc/avr/5.4.0/../../../../avr/lib/avrxmega4\libm.a
LOAD c:/program files (x86)/atmel/studio/7.0/toolchain/avr8/avr8-gnu-toolchain/bin/../lib/gcc/avr/5.4.0/../../../../avr/lib/avrxmega4\libc.a
LOAD C:/Program Files (x86)/Atmel/Studio/7.0/Packs/Atmel/AVR-Dx_DFP/2.6.303/gcc/dev/avr128db48/avrxmega4\libavr128db48.a
END GROUP
                [0x00000000]                __TEXT_REGION_ORIGIN__ = DEFINED (__TEXT_REGION_ORIGIN__)?__TEXT_REGION_ORIGIN__:0x0
                [0x00804000]                __DATA_REGION_ORIGIN__ = DEFINED (__DATA_REGION_ORIGIN__)?__DATA_REGION_ORIGIN__:0x802000
                [0x00020000]                __TEXT_REGION_LENGTH__ = DEFINED (__TEXT_REGION_LENGTH__)?__TEXT_REGION_LENGTH__:0x100000
                [0x00004000]                __DATA_REGION_LENGTH__ = DEFINED (__DATA_REGION_LENGTH__)?__DATA_REGION_LENGTH__:0xffa0
                [0x00000200]                __EEPROM_REGION_LENGTH__ = DEFINED (__EEPROM_REGION_LENGTH__)?__EEPROM_REGION_LENGTH__:0x10000
                [0x00000010]                __FUSE_REGION_LENGTH__ = DEFINED (__FUSE_REGION_LENGTH__)?__FUSE_REGION_LENGTH__:0x400
                0x00000400                __LOCK_REGION_LENGTH__ = DEFINED (__LOCK_REGION_LENGTH__)?__LOCK_REGION_LENGTH__:0x400
                0x00000400                __SIGNATURE_REGION_LENGTH__ = DEFINED (__SIGNATURE_REGION_LENGTH__)?__SIGNATURE_REGION_LENGTH__:0x400
                0x00000400                __USER_SIGNATURE_REGION_LENGTH__ = DEFINED (__USER_SIGNATURE_REGION_LENGTH__)?__USER_SIGNATURE_REGION_LENGTH__:0x400

.hash
 *(.hash)

.dynsym
 *(.dynsym)

.dynstr
 *(.dynstr)

.gnu.version
 *(.gnu.version)

.gnu.version_d
 *(.gnu.version_d)

.gnu.version_r
 *(.gnu.version_r)

.rel.init
 *(.rel.init)

.rela.init
 *(.rela.init)

.rel.text
 *(.rel.text)
 *(.rel.text.*)
 *(.rel.gnu.linkonce.t*)

.rela.text
 *(.rela.text)
 *(.rela.text.*)
 *(.rela.gnu.linkonce.t*)

.rel.fini
 *(.rel.fini)

.rela.fini
 *(.rela.fini)

.rel.rodata
 *(.rel.rodata)
 *(.rel.rodata.*)
 *(.rel.gnu.linkonce.r*)

.rela.rodata
 *(.rela.rodata)
 *(.rela.rodata.*)
 *(.rela.gnu.linkonce.r*)

.rel.data
 *(.rel.data)
 *(.rel.data.*)
 *(.rel.gnu.linkonce.d*)

.rela.data
 *(.rela.data)
 *(.rela.data.*)
 *(.rela.gnu.linkonce.d*)

.rel.ctors
 *(.rel.ctors)

.rela.ctors
 *(.rela.ctors)

.rel.dtors
 *(.rel.dtors)

.rela.dtors
 *(.rela.dtors)

.rel.got
 *(.rel.got)

.rela.got
 *(.rela.got)

.rel.bss
 *(.rel.bss)

.rela.bss
 *(.rela.bss)

.rel.plt
 *(.rel.plt)

.rela.plt
 *(.rela.plt)

.text           0x00000000     0x5a9a
 *(.vectors)
 .vectors       0x00000000       0xf4 C:/Program Files (x86)/Atmel/Studio/7.0/Packs/Atmel/AVR-Dx_DFP/2.6.303/gcc/dev/avr128db48/avrxmega4/crtavr128db48.o
                0x00000000                __vector_default
                0x00000000                __vectors
 *(.vectors)
 *(.progmem.gcc*)
 .progmem.gcc_sw_table.Write_Character
                0x000000f4       0x5e Communication.o
 .progmem.gcc_sw_table.Clear_Display
                0x00000152       0x10 Communication.o
 .progmem.gcc_sw_table.Print_Page
                0x00000162        0xe Communication.o
 .progmem.gcc_fplib
                0x00000170       0x2d c:/program files (x86)/atmel/studio/7.0/toolchain/avr8/avr8-gnu-toolchain/bin/../lib/gcc/avr/5.4.0/../../../../avr/lib/avrxmega4\libm.a(atan.o)
 .progmem.gcc_fplib
                0x0000019d       0x1e c:/program files (x86)/atmel/studio/7.0/toolchain/avr8/avr8-gnu-toolchain/bin/../lib/gcc/avr/5.4.0/../../../../avr/lib/avrxmega4\libm.a(fp_sinus.o)
 .progmem.gcc_fplib
                0x000001bb       0x23 c:/program files (x86)/atmel/studio/7.0/toolchain/avr8/avr8-gnu-toolchain/bin/../lib/gcc/avr/5.4.0/../../../../avr/lib/avrxmega4\libm.a(tan.o)
 .progmem.gcc_fplib
                0x000001de       0x28 c:/program files (x86)/atmel/studio/7.0/toolchain/avr8/avr8-gnu-toolchain/bin/../lib/gcc/avr/5.4.0/../../../../avr/lib/avrxmega4\libm.a(exp.o)
 .progmem.gcc_fplib
                0x00000206       0x5a c:/program files (x86)/atmel/studio/7.0/toolchain/avr8/avr8-gnu-toolchain/bin/../lib/gcc/avr/5.4.0/../../../../avr/lib/avrxmega4\libm.a(log.o)
                0x00000260                . = ALIGN (0x2)
                0x00000260                __trampolines_start = .
 *(.trampolines)
 .trampolines   0x00000260        0x0 linker stubs
 *(.trampolines*)
                0x00000260                __trampolines_end = .
 *libprintf_flt.a:*(.progmem.data)
 .progmem.data  0x00000260        0x8 c:/program files (x86)/atmel/studio/7.0/toolchain/avr8/avr8-gnu-toolchain/bin/../lib/gcc/avr/5.4.0/../../../../avr/lib/avrxmega4\libprintf_flt.a(vfprintf_flt.o)
 *libc.a:*(.progmem.data)
 .progmem.data  0x00000268       0x3b c:/program files (x86)/atmel/studio/7.0/toolchain/avr8/avr8-gnu-toolchain/bin/../lib/gcc/avr/5.4.0/../../../../avr/lib/avrxmega4\libc.a(strtod.o)
 .progmem.data  0x000002a3       0xfa c:/program files (x86)/atmel/studio/7.0/toolchain/avr8/avr8-gnu-toolchain/bin/../lib/gcc/avr/5.4.0/../../../../avr/lib/avrxmega4\libc.a(ftoa_engine.o)
 *(.progmem*)
                0x0000039e                . = ALIGN (0x2)
 *fill*         0x0000039d        0x1 
 *(.jumptables)
 *(.jumptables*)
 *(.lowtext)
 *(.lowtext*)
                0x0000039e                __ctors_start = .
 *(.ctors)
                0x0000039e                __ctors_end = .
                0x0000039e                __dtors_start = .
 *(.dtors)
                0x0000039e                __dtors_end = .
 SORT(*)(.ctors)
 SORT(*)(.dtors)
 *(.init0)
 .init0         0x0000039e        0x0 C:/Program Files (x86)/Atmel/Studio/7.0/Packs/Atmel/AVR-Dx_DFP/2.6.303/gcc/dev/avr128db48/avrxmega4/crtavr128db48.o
                0x0000039e                __init
 *(.init0)
 *(.init1)
 *(.init1)
 *(.init2)
 .init2         0x0000039e        0xc C:/Program Files (x86)/Atmel/Studio/7.0/Packs/Atmel/AVR-Dx_DFP/2.6.303/gcc/dev/avr128db48/avrxmega4/crtavr128db48.o
 *(.init2)
 *(.init3)
 *(.init3)
 *(.init4)
 .init4         0x000003aa       0x1a c:/program files (x86)/atmel/studio/7.0/toolchain/avr8/avr8-gnu-toolchain/bin/../lib/gcc/avr/5.4.0/avrxmega4\libgcc.a(_copy_data.o)
                0x000003aa                __do_copy_data
 .init4         0x000003c4       0x10 c:/program files (x86)/atmel/studio/7.0/toolchain/avr8/avr8-gnu-toolchain/bin/../lib/gcc/avr/5.4.0/avrxmega4\libgcc.a(_clear_bss.o)
                0x000003c4                __do_clear_bss
 *(.init4)
 *(.init5)
 *(.init5)
 *(.init6)
 *(.init6)
 *(.init7)
 *(.init7)
 *(.init8)
 *(.init8)
 *(.init9)
 .init9         0x000003d4        0x8 C:/Program Files (x86)/Atmel/Studio/7.0/Packs/Atmel/AVR-Dx_DFP/2.6.303/gcc/dev/avr128db48/avrxmega4/crtavr128db48.o
 *(.init9)
 *(.text)
 .text          0x000003dc        0x4 C:/Program Files (x86)/Atmel/Studio/7.0/Packs/Atmel/AVR-Dx_DFP/2.6.303/gcc/dev/avr128db48/avrxmega4/crtavr128db48.o
                0x000003dc                __vector_38
                0x000003dc                __vector_22
                0x000003dc                __vector_28
                0x000003dc                __vector_1
                0x000003dc                __vector_32
                0x000003dc                __vector_34
                0x000003dc                __vector_24
                0x000003dc                __vector_55
                0x000003dc                __vector_46
                0x000003dc                __bad_interrupt
                0x000003dc                __vector_6
                0x000003dc                __vector_31
                0x000003dc                __vector_35
                0x000003dc                __vector_39
                0x000003dc                __vector_3
                0x000003dc                __vector_23
                0x000003dc                __vector_30
                0x000003dc                __vector_45
                0x000003dc                __vector_25
                0x000003dc                __vector_54
                0x000003dc                __vector_17
                0x000003dc                __vector_19
                0x000003dc                __vector_56
                0x000003dc                __vector_7
                0x000003dc                __vector_41
                0x000003dc                __vector_43
                0x000003dc                __vector_27
                0x000003dc                __vector_33
                0x000003dc                __vector_47
                0x000003dc                __vector_52
                0x000003dc                __vector_37
                0x000003dc                __vector_4
                0x000003dc                __vector_44
                0x000003dc                __vector_51
                0x000003dc                __vector_9
                0x000003dc                __vector_2
                0x000003dc                __vector_21
                0x000003dc                __vector_36
                0x000003dc                __vector_58
                0x000003dc                __vector_29
                0x000003dc                __vector_60
                0x000003dc                __vector_40
                0x000003dc                __vector_8
                0x000003dc                __vector_26
                0x000003dc                __vector_48
                0x000003dc                __vector_57
                0x000003dc                __vector_10
                0x000003dc                __vector_50
                0x000003dc                __vector_16
                0x000003dc                __vector_59
                0x000003dc                __vector_18
                0x000003dc                __vector_20
                0x000003dc                __vector_42
                0x000003e0                . = ALIGN (0x2)
 *(.text.*)
 .text.Setup_SPI
                0x000003e0       0x3e Communication.o
                0x000003e0                Setup_SPI
 .text.Read_SPI
                0x0000041e      0x140 Communication.o
                0x0000041e                Read_SPI
 .text.Write_SPI
                0x0000055e      0x104 Communication.o
                0x0000055e                Write_SPI
 .text.Setup_TWI
                0x00000662       0x3a Communication.o
                0x00000662                Setup_TWI
 .text.Write_TWI
                0x0000069c      0x10c Communication.o
                0x0000069c                Write_TWI
 .text.Setup_LoRa
                0x000007a8       0x90 Communication.o
                0x000007a8                Setup_LoRa
 .text.Read_LoRa
                0x00000838       0xb4 Communication.o
                0x00000838                Read_LoRa
 .text.Write_Display
                0x000008ec       0x2e Communication.o
                0x000008ec                Write_Display
 .text.Write_Display_Double
                0x0000091a       0x32 Communication.o
                0x0000091a                Write_Display_Double
 .text.Write_Character
                0x0000094c      0x3ce Communication.o
                0x0000094c                Write_Character
 .text.Clear_Display
                0x00000d1a       0xb4 Communication.o
                0x00000d1a                Clear_Display
 .text.Setup_SSD
                0x00000dce       0x7c Communication.o
                0x00000dce                Setup_SSD
 .text.Print_Page
                0x00000e4a       0x92 Communication.o
                0x00000e4a                Print_Page
 .text.Height_MRAC
                0x00000edc      0x3d0 Controllers.o
                0x00000edc                Height_MRAC
 .text.Attitude_Gain_Lookup
                0x000012ac       0xa0 Controllers.o
                0x000012ac                Attitude_Gain_Lookup
 .text.Set_throttles
                0x0000134c      0x310 Controllers.o
                0x0000134c                Set_throttles
 .text.Run_Motors
                0x0000165c       0xfa Controllers.o
                0x0000165c                Run_Motors
 .text.__vector_11
                0x00001756       0x38 Controllers.o
                0x00001756                __vector_11
 .text.__vector_12
                0x0000178e       0x38 Controllers.o
                0x0000178e                __vector_12
 .text.__vector_13
                0x000017c6       0x38 Controllers.o
                0x000017c6                __vector_13
 .text.__vector_49
                0x000017fe       0x42 Controllers.o
                0x000017fe                __vector_49
 .text.Setup_Timers
                0x00001840       0x80 main.o
                0x00001840                Setup_Timers
 .text.Run      0x000018c0      0x2fe main.o
                0x000018c0                Run
 .text.Delay    0x00001bbe       0xaa main.o
                0x00001bbe                Delay
 .text.Setup    0x00001c68       0xa6 main.o
                0x00001c68                Setup
 .text.startup.main
                0x00001d0e       0x1e main.o
                0x00001d0e                main
 .text.__vector_5
                0x00001d2c       0x50 main.o
                0x00001d2c                __vector_5
 .text.__vector_14
                0x00001d7c       0x5a main.o
                0x00001d7c                __vector_14
 .text.__vector_15
                0x00001dd6       0x28 main.o
                0x00001dd6                __vector_15
 .text.Setup_Bar
                0x00001dfe       0x66 Sensors.o
                0x00001dfe                Setup_Bar
 .text.Height_Bar
                0x00001e64       0x42 Sensors.o
                0x00001e64                Height_Bar
 .text.Read_Bar
                0x00001ea6      0x106 Sensors.o
                0x00001ea6                Read_Bar
 .text.Setup_IMU
                0x00001fac       0x66 Sensors.o
                0x00001fac                Setup_IMU
 .text.Read_IMU
                0x00002012      0x394 Sensors.o
                0x00002012                Read_IMU
 .text.Setup_Mag
                0x000023a6       0x66 Sensors.o
                0x000023a6                Setup_Mag
 .text.Read_Mag
                0x0000240c      0x38c Sensors.o
                0x0000240c                Read_Mag
 .text.LLA_to_NED
                0x00002798      0x37e Sensors.o
                0x00002798                LLA_to_NED
 .text.Read_GPS
                0x00002b16      0x8be Sensors.o
                0x00002b16                Read_GPS
 .text.USART_Transmit
                0x000033d4       0x2a Sensors.o
                0x000033d4                USART_Transmit
 .text.Setup_GPS
                0x000033fe      0x37e Sensors.o
                0x000033fe                Setup_GPS
 .text.__vector_53
                0x0000377c       0x5c Sensors.o
                0x0000377c                __vector_53
 .text.Observer
                0x000037d8      0x5b6 Sensors.o
                0x000037d8                Observer
 .text.avr-libc.fplib
                0x00003d8e        0xe c:/program files (x86)/atmel/studio/7.0/toolchain/avr8/avr8-gnu-toolchain/bin/../lib/gcc/avr/5.4.0/../../../../avr/lib/avrxmega4\libm.a(addsf3.o)
                0x00003d8e                __subsf3
                0x00003d90                __addsf3
 .text.avr-libc.fplib
                0x00003d9c       0xcc c:/program files (x86)/atmel/studio/7.0/toolchain/avr8/avr8-gnu-toolchain/bin/../lib/gcc/avr/5.4.0/../../../../avr/lib/avrxmega4\libm.a(addsf3x.o)
                0x00003dbe                __addsf3x
 .text.avr-libc.fplib
                0x00003e68       0x86 c:/program files (x86)/atmel/studio/7.0/toolchain/avr8/avr8-gnu-toolchain/bin/../lib/gcc/avr/5.4.0/../../../../avr/lib/avrxmega4\libm.a(atan2.o)
                0x00003e8e                atan2
 .text.avr-libc.fplib
                0x00003eee       0x5e c:/program files (x86)/atmel/studio/7.0/toolchain/avr8/avr8-gnu-toolchain/bin/../lib/gcc/avr/5.4.0/../../../../avr/lib/avrxmega4\libm.a(atan.o)
                0x00003eee                atan
 .text.avr-libc.fplib
                0x00003f4c        0xa c:/program files (x86)/atmel/studio/7.0/toolchain/avr8/avr8-gnu-toolchain/bin/../lib/gcc/avr/5.4.0/../../../../avr/lib/avrxmega4\libm.a(cmpsf2.o)
                0x00003f4c                __nesf2
                0x00003f4c                __eqsf2
                0x00003f4c                __cmpsf2
                0x00003f4c                __ltsf2
                0x00003f4c                __lesf2
 .text.avr-libc.fplib
                0x00003f56        0xa c:/program files (x86)/atmel/studio/7.0/toolchain/avr8/avr8-gnu-toolchain/bin/../lib/gcc/avr/5.4.0/../../../../avr/lib/avrxmega4\libm.a(cos.o)
                0x00003f56                cos
 .text.avr-libc.fplib
                0x00003f60        0x8 c:/program files (x86)/atmel/studio/7.0/toolchain/avr8/avr8-gnu-toolchain/bin/../lib/gcc/avr/5.4.0/../../../../avr/lib/avrxmega4\libm.a(divsf3.o)
                0x00003f60                __divsf3
 .text.avr-libc.fplib
                0x00003f68       0xdc c:/program files (x86)/atmel/studio/7.0/toolchain/avr8/avr8-gnu-toolchain/bin/../lib/gcc/avr/5.4.0/../../../../avr/lib/avrxmega4\libm.a(divsf3x.o)
                0x00003f88                __divsf3x
                0x00003f8e                __divsf3_pse
 .text.avr-libc.fplib
                0x00004044        0xe c:/program files (x86)/atmel/studio/7.0/toolchain/avr8/avr8-gnu-toolchain/bin/../lib/gcc/avr/5.4.0/../../../../avr/lib/avrxmega4\libm.a(fixsfsi.o)
                0x00004044                __fixsfsi
 .text.avr-libc.fplib
                0x00004052       0x5e c:/program files (x86)/atmel/studio/7.0/toolchain/avr8/avr8-gnu-toolchain/bin/../lib/gcc/avr/5.4.0/../../../../avr/lib/avrxmega4\libm.a(fixunssfsi.o)
                0x00004052                __fixunssfsi
 .text.avr-libc.fplib
                0x000040b0       0x7a c:/program files (x86)/atmel/studio/7.0/toolchain/avr8/avr8-gnu-toolchain/bin/../lib/gcc/avr/5.4.0/../../../../avr/lib/avrxmega4\libm.a(floatsisf.o)
                0x000040b0                __floatunsisf
                0x000040b4                __floatsisf
 .text.avr-libc.fplib
                0x0000412a       0x48 c:/program files (x86)/atmel/studio/7.0/toolchain/avr8/avr8-gnu-toolchain/bin/../lib/gcc/avr/5.4.0/../../../../avr/lib/avrxmega4\libm.a(fp_cmp.o)
                0x0000412a                __fp_cmp
 .text.avr-libc.fplib
                0x00004172        0xc c:/program files (x86)/atmel/studio/7.0/toolchain/avr8/avr8-gnu-toolchain/bin/../lib/gcc/avr/5.4.0/../../../../avr/lib/avrxmega4\libm.a(fp_inf.o)
                0x00004172                __fp_inf
 .text.avr-libc.fplib
                0x0000417e        0x6 c:/program files (x86)/atmel/studio/7.0/toolchain/avr8/avr8-gnu-toolchain/bin/../lib/gcc/avr/5.4.0/../../../../avr/lib/avrxmega4\libm.a(fp_nan.o)
                0x0000417e                __fp_nan
 .text.avr-libc.fplib
                0x00004184       0x4e c:/program files (x86)/atmel/studio/7.0/toolchain/avr8/avr8-gnu-toolchain/bin/../lib/gcc/avr/5.4.0/../../../../avr/lib/avrxmega4\libm.a(fp_powser.o)
                0x00004184                __fp_powser
 .text.avr-libc.fplib
                0x000041d2        0xe c:/program files (x86)/atmel/studio/7.0/toolchain/avr8/avr8-gnu-toolchain/bin/../lib/gcc/avr/5.4.0/../../../../avr/lib/avrxmega4\libm.a(fp_pscA.o)
                0x000041d2                __fp_pscA
 .text.avr-libc.fplib
                0x000041e0        0xe c:/program files (x86)/atmel/studio/7.0/toolchain/avr8/avr8-gnu-toolchain/bin/../lib/gcc/avr/5.4.0/../../../../avr/lib/avrxmega4\libm.a(fp_pscB.o)
                0x000041e0                __fp_pscB
 .text.avr-libc.fplib
                0x000041ee       0x56 c:/program files (x86)/atmel/studio/7.0/toolchain/avr8/avr8-gnu-toolchain/bin/../lib/gcc/avr/5.4.0/../../../../avr/lib/avrxmega4\libm.a(fp_rempio2.o)
                0x000041f2                __fp_rempio2
 .text.avr-libc.fplib
                0x00004244       0x22 c:/program files (x86)/atmel/studio/7.0/toolchain/avr8/avr8-gnu-toolchain/bin/../lib/gcc/avr/5.4.0/../../../../avr/lib/avrxmega4\libm.a(fp_round.o)
                0x00004244                __fp_round
 .text.avr-libc.fplib
                0x00004266       0x28 c:/program files (x86)/atmel/studio/7.0/toolchain/avr8/avr8-gnu-toolchain/bin/../lib/gcc/avr/5.4.0/../../../../avr/lib/avrxmega4\libm.a(fp_sinus.o)
                0x00004266                __fp_sinus
 .text.avr-libc.fplib
                0x0000428e       0x44 c:/program files (x86)/atmel/studio/7.0/toolchain/avr8/avr8-gnu-toolchain/bin/../lib/gcc/avr/5.4.0/../../../../avr/lib/avrxmega4\libm.a(fp_split3.o)
                0x0000428e                __fp_split3
                0x0000429e                __fp_splitA
 .text.avr-libc.fplib
                0x000042d2        0xe c:/program files (x86)/atmel/studio/7.0/toolchain/avr8/avr8-gnu-toolchain/bin/../lib/gcc/avr/5.4.0/../../../../avr/lib/avrxmega4\libm.a(fp_zero.o)
                0x000042d2                __fp_zero
                0x000042d4                __fp_szero
 .text.avr-libc.fplib
                0x000042e0        0xa c:/program files (x86)/atmel/studio/7.0/toolchain/avr8/avr8-gnu-toolchain/bin/../lib/gcc/avr/5.4.0/../../../../avr/lib/avrxmega4\libm.a(gesf2.o)
                0x000042e0                __gesf2
                0x000042e0                __gtsf2
 .text.avr-libc.fplib
                0x000042ea       0x10 c:/program files (x86)/atmel/studio/7.0/toolchain/avr8/avr8-gnu-toolchain/bin/../lib/gcc/avr/5.4.0/../../../../avr/lib/avrxmega4\libm.a(inverse.o)
                0x000042ea                inverse
 .text.avr-libc.fplib
                0x000042fa        0x8 c:/program files (x86)/atmel/studio/7.0/toolchain/avr8/avr8-gnu-toolchain/bin/../lib/gcc/avr/5.4.0/../../../../avr/lib/avrxmega4\libm.a(mulsf3.o)
                0x000042fa                __mulsf3
 .text.avr-libc.fplib
                0x00004302       0xd2 c:/program files (x86)/atmel/studio/7.0/toolchain/avr8/avr8-gnu-toolchain/bin/../lib/gcc/avr/5.4.0/../../../../avr/lib/avrxmega4\libm.a(mulsf3x.o)
                0x00004320                __mulsf3x
                0x00004326                __mulsf3_pse
 .text.avr-libc.fplib
                0x000043d4       0xa0 c:/program files (x86)/atmel/studio/7.0/toolchain/avr8/avr8-gnu-toolchain/bin/../lib/gcc/avr/5.4.0/../../../../avr/lib/avrxmega4\libm.a(pow.o)
                0x000043d4                pow
 .text.avr-libc.fplib
                0x00004474       0x10 c:/program files (x86)/atmel/studio/7.0/toolchain/avr8/avr8-gnu-toolchain/bin/../lib/gcc/avr/5.4.0/../../../../avr/lib/avrxmega4\libm.a(sin.o)
                0x00004474                sin
 .text.avr-libc.fplib
                0x00004484       0x8c c:/program files (x86)/atmel/studio/7.0/toolchain/avr8/avr8-gnu-toolchain/bin/../lib/gcc/avr/5.4.0/../../../../avr/lib/avrxmega4\libm.a(sqrt.o)
                0x00004490                sqrtf
                0x00004490                sqrt
 .text.avr-libc.fplib
                0x00004510        0x8 c:/program files (x86)/atmel/studio/7.0/toolchain/avr8/avr8-gnu-toolchain/bin/../lib/gcc/avr/5.4.0/../../../../avr/lib/avrxmega4\libm.a(square.o)
                0x00004510                square
 .text.avr-libc.fplib
                0x00004518       0x4a c:/program files (x86)/atmel/studio/7.0/toolchain/avr8/avr8-gnu-toolchain/bin/../lib/gcc/avr/5.4.0/../../../../avr/lib/avrxmega4\libm.a(tan.o)
                0x00004518                tan
 .text.avr-libc.fplib
                0x00004562        0xa c:/program files (x86)/atmel/studio/7.0/toolchain/avr8/avr8-gnu-toolchain/bin/../lib/gcc/avr/5.4.0/../../../../avr/lib/avrxmega4\libm.a(unordsf2.o)
                0x00004562                __unordsf2
 .text.avr-libc.fplib
                0x0000456c       0x74 c:/program files (x86)/atmel/studio/7.0/toolchain/avr8/avr8-gnu-toolchain/bin/../lib/gcc/avr/5.4.0/../../../../avr/lib/avrxmega4\libm.a(exp.o)
                0x0000457c                exp
 .text.avr-libc.fplib
                0x000045e0       0x1c c:/program files (x86)/atmel/studio/7.0/toolchain/avr8/avr8-gnu-toolchain/bin/../lib/gcc/avr/5.4.0/../../../../avr/lib/avrxmega4\libm.a(fp_mpack.o)
                0x000045e0                __fp_mpack
                0x000045e4                __fp_mpack_finite
 .text.avr-libc.fplib
                0x000045fc        0xe c:/program files (x86)/atmel/studio/7.0/toolchain/avr8/avr8-gnu-toolchain/bin/../lib/gcc/avr/5.4.0/../../../../avr/lib/avrxmega4\libm.a(fp_norm2.o)
                0x000045fc                __fp_norm2
 .text.avr-libc.fplib
                0x0000460a       0x28 c:/program files (x86)/atmel/studio/7.0/toolchain/avr8/avr8-gnu-toolchain/bin/../lib/gcc/avr/5.4.0/../../../../avr/lib/avrxmega4\libm.a(fp_powsodd.o)
                0x0000460a                __fp_powsodd
 .text.avr-libc.fplib
                0x00004632       0x74 c:/program files (x86)/atmel/studio/7.0/toolchain/avr8/avr8-gnu-toolchain/bin/../lib/gcc/avr/5.4.0/../../../../avr/lib/avrxmega4\libm.a(ldexp.o)
                0x0000463a                ldexp
 .text.avr-libc.fplib
                0x000046a6       0xa0 c:/program files (x86)/atmel/studio/7.0/toolchain/avr8/avr8-gnu-toolchain/bin/../lib/gcc/avr/5.4.0/../../../../avr/lib/avrxmega4\libm.a(log.o)
                0x000046b6                log
 .text.avr-libc.fplib
                0x00004746       0x68 c:/program files (x86)/atmel/studio/7.0/toolchain/avr8/avr8-gnu-toolchain/bin/../lib/gcc/avr/5.4.0/../../../../avr/lib/avrxmega4\libm.a(modf.o)
                0x00004746                modf
                0x00004746                modff
 .text.avr-libc
                0x000047ae      0x740 c:/program files (x86)/atmel/studio/7.0/toolchain/avr8/avr8-gnu-toolchain/bin/../lib/gcc/avr/5.4.0/../../../../avr/lib/avrxmega4\libprintf_flt.a(vfprintf_flt.o)
                0x000047ae                vfprintf
 .text.libgcc.mul
                0x00004eee       0x20 c:/program files (x86)/atmel/studio/7.0/toolchain/avr8/avr8-gnu-toolchain/bin/../lib/gcc/avr/5.4.0/avrxmega4\libgcc.a(_mulsi3.o)
                0x00004eee                __mulsi3
 .text.libgcc   0x00004f0e       0x12 c:/program files (x86)/atmel/studio/7.0/toolchain/avr8/avr8-gnu-toolchain/bin/../lib/gcc/avr/5.4.0/avrxmega4\libgcc.a(_tablejump2.o)
                0x00004f0e                __tablejump2__
 .text.libgcc.mul
                0x00004f20       0x16 c:/program files (x86)/atmel/studio/7.0/toolchain/avr8/avr8-gnu-toolchain/bin/../lib/gcc/avr/5.4.0/avrxmega4\libgcc.a(_muluhisi3.o)
                0x00004f20                __muluhisi3
 .text.libgcc.builtins
                0x00004f36       0x3c c:/program files (x86)/atmel/studio/7.0/toolchain/avr8/avr8-gnu-toolchain/bin/../lib/gcc/avr/5.4.0/avrxmega4\libgcc.a(_ashrdi3.o)
                0x00004f36                __ashrdi3
                0x00004f3a                __lshrdi3
 .text.libgcc   0x00004f72       0x12 c:/program files (x86)/atmel/studio/7.0/toolchain/avr8/avr8-gnu-toolchain/bin/../lib/gcc/avr/5.4.0/avrxmega4\libgcc.a(_adddi3.o)
                0x00004f72                __adddi3
 .text.libgcc   0x00004f84       0x18 c:/program files (x86)/atmel/studio/7.0/toolchain/avr8/avr8-gnu-toolchain/bin/../lib/gcc/avr/5.4.0/avrxmega4\libgcc.a(_adddi3_s8.o)
                0x00004f84                __adddi3_s8
 .text.libgcc   0x00004f9c       0x12 c:/program files (x86)/atmel/studio/7.0/toolchain/avr8/avr8-gnu-toolchain/bin/../lib/gcc/avr/5.4.0/avrxmega4\libgcc.a(_cmpdi2.o)
                0x00004f9c                __cmpdi2
 .text.libgcc.mul
                0x00004fae       0x1e c:/program files (x86)/atmel/studio/7.0/toolchain/avr8/avr8-gnu-toolchain/bin/../lib/gcc/avr/5.4.0/avrxmega4\libgcc.a(_umulhisi3.o)
                0x00004fae                __umulhisi3
 .text.avr-libc
                0x00004fcc      0x242 c:/program files (x86)/atmel/studio/7.0/toolchain/avr8/avr8-gnu-toolchain/bin/../lib/gcc/avr/5.4.0/../../../../avr/lib/avrxmega4\libc.a(malloc.o)
                0x00004fcc                malloc
                0x000050fc                free
 .text.avr-libc
                0x0000520e       0xb4 c:/program files (x86)/atmel/studio/7.0/toolchain/avr8/avr8-gnu-toolchain/bin/../lib/gcc/avr/5.4.0/../../../../avr/lib/avrxmega4\libc.a(rand.o)
                0x000052a0                rand_r
                0x000052a4                rand
                0x000052ac                srand
 .text.avr-libc
                0x000052c2      0x2b8 c:/program files (x86)/atmel/studio/7.0/toolchain/avr8/avr8-gnu-toolchain/bin/../lib/gcc/avr/5.4.0/../../../../avr/lib/avrxmega4\libc.a(strtod.o)
                0x000052c2                strtod
 .text.avr-libc
                0x0000557a       0x3c c:/program files (x86)/atmel/studio/7.0/toolchain/avr8/avr8-gnu-toolchain/bin/../lib/gcc/avr/5.4.0/../../../../avr/lib/avrxmega4\libc.a(atoi.o)
                0x0000557a                atoi
 .text.avr-libc
                0x000055b6       0x4e c:/program files (x86)/atmel/studio/7.0/toolchain/avr8/avr8-gnu-toolchain/bin/../lib/gcc/avr/5.4.0/../../../../avr/lib/avrxmega4\libc.a(atol.o)
                0x000055b6                atol
 .text.avr-libc
                0x00005604      0x1b0 c:/program files (x86)/atmel/studio/7.0/toolchain/avr8/avr8-gnu-toolchain/bin/../lib/gcc/avr/5.4.0/../../../../avr/lib/avrxmega4\libc.a(ftoa_engine.o)
                0x00005604                __ftoa_engine
 .text.avr-libc
                0x000057b4       0x12 c:/program files (x86)/atmel/studio/7.0/toolchain/avr8/avr8-gnu-toolchain/bin/../lib/gcc/avr/5.4.0/../../../../avr/lib/avrxmega4\libc.a(isspace.o)
                0x000057b4                isspace
 .text.avr-libc
                0x000057c6       0x30 c:/program files (x86)/atmel/studio/7.0/toolchain/avr8/avr8-gnu-toolchain/bin/../lib/gcc/avr/5.4.0/../../../../avr/lib/avrxmega4\libc.a(strncasecmp_P.o)
                0x000057c6                strncasecmp_P
 .text.avr-libc
                0x000057f6       0x16 c:/program files (x86)/atmel/studio/7.0/toolchain/avr8/avr8-gnu-toolchain/bin/../lib/gcc/avr/5.4.0/../../../../avr/lib/avrxmega4\libc.a(strnlen_P.o)
                0x000057f6                strnlen_P
 .text.avr-libc
                0x0000580c       0x16 c:/program files (x86)/atmel/studio/7.0/toolchain/avr8/avr8-gnu-toolchain/bin/../lib/gcc/avr/5.4.0/../../../../avr/lib/avrxmega4\libc.a(strnlen.o)
                0x0000580c                strnlen
 .text.avr-libc
                0x00005822       0x2a c:/program files (x86)/atmel/studio/7.0/toolchain/avr8/avr8-gnu-toolchain/bin/../lib/gcc/avr/5.4.0/../../../../avr/lib/avrxmega4\libc.a(mulsi10.o)
                0x00005822                __mulsi_const_10
 .text.avr-libc
                0x0000584c       0x10 c:/program files (x86)/atmel/studio/7.0/toolchain/avr8/avr8-gnu-toolchain/bin/../lib/gcc/avr/5.4.0/../../../../avr/lib/avrxmega4\libc.a(mul10.o)
                0x0000584c                __mulhi_const_10
 .text.avr-libc
                0x0000585c       0x78 c:/program files (x86)/atmel/studio/7.0/toolchain/avr8/avr8-gnu-toolchain/bin/../lib/gcc/avr/5.4.0/../../../../avr/lib/avrxmega4\libc.a(fputc.o)
                0x0000585c                fputc
 .text.avr-libc
                0x000058d4       0x6e c:/program files (x86)/atmel/studio/7.0/toolchain/avr8/avr8-gnu-toolchain/bin/../lib/gcc/avr/5.4.0/../../../../avr/lib/avrxmega4\libc.a(snprintf.o)
                0x000058d4                snprintf
 .text.avr-libc
                0x00005942       0xbc c:/program files (x86)/atmel/studio/7.0/toolchain/avr8/avr8-gnu-toolchain/bin/../lib/gcc/avr/5.4.0/../../../../avr/lib/avrxmega4\libc.a(ultoa_invert.o)
                0x00005942                __ultoa_invert
 .text.avr-libc
                0x000059fe        0x6 c:/program files (x86)/atmel/studio/7.0/toolchain/avr8/avr8-gnu-toolchain/bin/../lib/gcc/avr/5.4.0/../../../../avr/lib/avrxmega4\libc.a(cty_isfalse.o)
                0x000059fe                __ctype_isfalse
                0x00005a02                __ctype_istrue
 .text.libgcc.div
                0x00005a04       0x2e c:/program files (x86)/atmel/studio/7.0/toolchain/avr8/avr8-gnu-toolchain/bin/../lib/gcc/avr/5.4.0/avrxmega4\libgcc.a(_divmodsi4.o)
                0x00005a04                __divmodsi4
 .text.libgcc.div
                0x00005a32       0x10 c:/program files (x86)/atmel/studio/7.0/toolchain/avr8/avr8-gnu-toolchain/bin/../lib/gcc/avr/5.4.0/avrxmega4\libgcc.a(_negsi2.o)
                0x00005a32                __negsi2
 .text.libgcc.mul
                0x00005a42       0x10 c:/program files (x86)/atmel/studio/7.0/toolchain/avr8/avr8-gnu-toolchain/bin/../lib/gcc/avr/5.4.0/avrxmega4\libgcc.a(_mulshisi3.o)
                0x00005a42                __mulshisi3
                0x00005a48                __mulohisi3
 .text.libgcc.div
                0x00005a52       0x44 c:/program files (x86)/atmel/studio/7.0/toolchain/avr8/avr8-gnu-toolchain/bin/../lib/gcc/avr/5.4.0/avrxmega4\libgcc.a(_udivmodsi4.o)
                0x00005a52                __udivmodsi4
                0x00005a96                . = ALIGN (0x2)
 *(.fini9)
 .fini9         0x00005a96        0x0 c:/program files (x86)/atmel/studio/7.0/toolchain/avr8/avr8-gnu-toolchain/bin/../lib/gcc/avr/5.4.0/avrxmega4\libgcc.a(_exit.o)
                0x00005a96                _exit
                0x00005a96                exit
 *(.fini9)
 *(.fini8)
 *(.fini8)
 *(.fini7)
 *(.fini7)
 *(.fini6)
 *(.fini6)
 *(.fini5)
 *(.fini5)
 *(.fini4)
 *(.fini4)
 *(.fini3)
 *(.fini3)
 *(.fini2)
 *(.fini2)
 *(.fini1)
 *(.fini1)
 *(.fini0)
 .fini0         0x00005a96        0x4 c:/program files (x86)/atmel/studio/7.0/toolchain/avr8/avr8-gnu-toolchain/bin/../lib/gcc/avr/5.4.0/avrxmega4\libgcc.a(_exit.o)
 *(.fini0)
                0x00005a9a                _etext = .

.data           0x00804000      0x91e load address 0x00005a9a
                0x00804000                PROVIDE (__data_start, .)
 *(.data)
 .data          0x00804000        0x6 c:/program files (x86)/atmel/studio/7.0/toolchain/avr8/avr8-gnu-toolchain/bin/../lib/gcc/avr/5.4.0/../../../../avr/lib/avrxmega4\libc.a(malloc.o)
                0x00804000                __malloc_heap_end
                0x00804002                __malloc_heap_start
                0x00804004                __malloc_margin
 .data          0x00804006        0x4 c:/program files (x86)/atmel/studio/7.0/toolchain/avr8/avr8-gnu-toolchain/bin/../lib/gcc/avr/5.4.0/../../../../avr/lib/avrxmega4\libc.a(rand.o)
 *(.data*)
 *(.gnu.linkonce.d*)
 *(.rodata)
 .rodata        0x0080400a       0x71 Communication.o
 .rodata        0x0080407b      0x708 Controllers.o
 .rodata        0x00804783      0x18f Sensors.o
 *(.rodata*)
 .rodata.str1.1
                0x00804912        0x9 main.o
 .rodata.str1.1
                0x0080491b        0x3 Sensors.o
 *(.gnu.linkonce.r*)
                0x0080491e                . = ALIGN (0x2)
                0x0080491e                _edata = .
                0x0080491e                PROVIDE (__data_end, .)

.bss            0x0080491e      0xb1e
                0x0080491e                PROVIDE (__bss_start, .)
 *(.bss)
 *(.bss*)
 .bss.motor_lookup.4504
                0x0080491e      0x7d2 Controllers.o
 .bss.w.4455    0x008050f0        0x4 Controllers.o
 .bss.k_r.4454  0x008050f4        0x4 Controllers.o
 .bss.k_x.4453  0x008050f8        0x8 Controllers.o
 .bss.h_last.4450
                0x00805100        0x4 Controllers.o
 .bss.x_ref.4443
                0x00805104        0x8 Controllers.o
 .bss.desired_thrust.4891
                0x0080510c        0x4 main.o
 .bss.desired_moments.4892
                0x00805110        0xc main.o
 .bss.motor_throttles.4878
                0x0080511c        0x8 main.o
 .bss.Reference.4877
                0x00805124       0x5c main.o
 .bss.Navigation_Bitmask.4879
                0x00805180        0x1 main.o
 .bss.Drone.4876
                0x00805181       0x5c main.o
 .bss.g_seconds
                0x008051dd        0x4 main.o
                0x008051dd                g_seconds
 .bss.g_MRAC_Flag
                0x008051e1        0x1 main.o
 .bss.g_LoRa_Flag
                0x008051e2        0x1 main.o
 .bss.g_IMU_Read_Flag
                0x008051e3        0x1 main.o
 .bss.g_Print_Flag
                0x008051e4        0x1 main.o
 .bss.g_Attitude_Observer_Run_Flag
                0x008051e5        0x1 main.o
 .bss.g_BAR_Read_Flag
                0x008051e6        0x1 main.o
 .bss.g_MAG_Read_Flag
                0x008051e7        0x1 main.o
 .bss.g_Motor_Run_Flag
                0x008051e8        0x1 main.o
 .bss.Reference_Position_ecef.4982
                0x008051e9        0xc Sensors.o
 .bss.reference_flag.4984
                0x008051f5        0x1 Sensors.o
 .bss.Longitude_window.4923
                0x008051f6       0x10 Sensors.o
 .bss.Latitude_window.4922
                0x00805206       0x10 Sensors.o
 .bss.window_counter.4926
                0x00805216        0x1 Sensors.o
 .bss.GPS_Position_Mode.4925
                0x00805217        0x1 Sensors.o
 .bss.GPS_Position_Status.4924
                0x00805218        0x1 Sensors.o
 .bss.hard_iron.4871
                0x00805219        0x6 Sensors.o
 .bss.m_min.4870
                0x0080521f        0x6 Sensors.o
 .bss.m_max.4869
                0x00805225        0x6 Sensors.o
 .bss.m_xyz_window.4868
                0x0080522b       0x60 Sensors.o
 .bss.window_counter.4872
                0x0080528b        0x1 Sensors.o
 .bss.w_bias.4838
                0x0080528c        0x6 Sensors.o
 .bss.w_xyz_window.4837
                0x00805292       0x30 Sensors.o
 .bss.a_xyz_window.4836
                0x008052c2       0x30 Sensors.o
 .bss.window_counter.4839
                0x008052f2        0x1 Sensors.o
 .bss.pressure_window.4812
                0x008052f3       0x40 Sensors.o
 .bss.window_counter.4813
                0x00805333        0x1 Sensors.o
 .bss.g_GPS_Read_Flag
                0x00805334        0x1 Sensors.o
                0x00805334                g_GPS_Read_Flag
 .bss.g_GPS_Data_Index
                0x00805335        0x1 Sensors.o
 .bss.g_GPS_Data
                0x00805336      0x100 Sensors.o
 *(COMMON)
 COMMON         0x00805436        0x4 c:/program files (x86)/atmel/studio/7.0/toolchain/avr8/avr8-gnu-toolchain/bin/../lib/gcc/avr/5.4.0/../../../../avr/lib/avrxmega4\libc.a(malloc.o)
                0x00805436                __brkval
                0x00805438                __flp
 COMMON         0x0080543a        0x2 c:/program files (x86)/atmel/studio/7.0/toolchain/avr8/avr8-gnu-toolchain/bin/../lib/gcc/avr/5.4.0/../../../../avr/lib/avrxmega4\libc.a(errno.o)
                0x0080543a                errno
                0x0080543c                PROVIDE (__bss_end, .)
                0x00005a9a                __data_load_start = LOADADDR (.data)
                0x000063b8                __data_load_end = (__data_load_start + SIZEOF (.data))

.noinit         0x0080543c        0x0
                [!provide]                PROVIDE (__noinit_start, .)
 *(.noinit*)
                [!provide]                PROVIDE (__noinit_end, .)
                0x0080543c                _end = .
                0x0080543c                PROVIDE (__heap_start, .)

.eeprom         0x00810000        0x0
 *(.eeprom*)
                0x00810000                __eeprom_end = .

.fuse
 *(.fuse)
 *(.lfuse)
 *(.hfuse)
 *(.efuse)

.lock
 *(.lock*)

.signature
 *(.signature*)

.user_signatures
 *(.user_signatures*)

.stab
 *(.stab)

.stabstr
 *(.stabstr)

.stab.excl
 *(.stab.excl)

.stab.exclstr
 *(.stab.exclstr)

.stab.index
 *(.stab.index)

.stab.indexstr
 *(.stab.indexstr)

.comment        0x00000000       0x5c
 *(.comment)
 .comment       0x00000000       0x30 Communication.o
                                 0x31 (size before relaxing)
 .comment       0x00000030       0x31 Controllers.o
 .comment       0x00000030       0x31 main.o
 .comment       0x00000030       0x31 Sensors.o
 .comment       0x00000030       0x2c c:/program files (x86)/atmel/studio/7.0/toolchain/avr8/avr8-gnu-toolchain/bin/../lib/gcc/avr/5.4.0/../../../../avr/lib/avrxmega4\libprintf_flt.a(vfprintf_flt.o)
                                 0x2d (size before relaxing)
 .comment       0x0000005c       0x31 c:/program files (x86)/atmel/studio/7.0/toolchain/avr8/avr8-gnu-toolchain/bin/../lib/gcc/avr/5.4.0/../../../../avr/lib/avrxmega4\libc.a(malloc.o)
 .comment       0x0000005c       0x31 c:/program files (x86)/atmel/studio/7.0/toolchain/avr8/avr8-gnu-toolchain/bin/../lib/gcc/avr/5.4.0/../../../../avr/lib/avrxmega4\libc.a(rand.o)
 .comment       0x0000005c       0x31 c:/program files (x86)/atmel/studio/7.0/toolchain/avr8/avr8-gnu-toolchain/bin/../lib/gcc/avr/5.4.0/../../../../avr/lib/avrxmega4\libc.a(strtod.o)
 .comment       0x0000005c       0x31 c:/program files (x86)/atmel/studio/7.0/toolchain/avr8/avr8-gnu-toolchain/bin/../lib/gcc/avr/5.4.0/../../../../avr/lib/avrxmega4\libc.a(fputc.o)
 .comment       0x0000005c       0x31 c:/program files (x86)/atmel/studio/7.0/toolchain/avr8/avr8-gnu-toolchain/bin/../lib/gcc/avr/5.4.0/../../../../avr/lib/avrxmega4\libc.a(snprintf.o)
 .comment       0x0000005c       0x2d c:/program files (x86)/atmel/studio/7.0/toolchain/avr8/avr8-gnu-toolchain/bin/../lib/gcc/avr/5.4.0/../../../../avr/lib/avrxmega4\libc.a(errno.o)

.note.gnu.avr.deviceinfo
                0x00000000       0x40
 .note.gnu.avr.deviceinfo
                0x00000000       0x40 C:/Program Files (x86)/Atmel/Studio/7.0/Packs/Atmel/AVR-Dx_DFP/2.6.303/gcc/dev/avr128db48/avrxmega4/crtavr128db48.o

.note.gnu.build-id
 *(.note.gnu.build-id)

.debug
 *(.debug)

.line
 *(.line)

.debug_srcinfo
 *(.debug_srcinfo)

.debug_sfnames
 *(.debug_sfnames)

.debug_aranges
 *(.debug_aranges)

.debug_pubnames
 *(.debug_pubnames)

.debug_info     0x00000000     0x3545
 *(.debug_info .gnu.linkonce.wi.*)
 .debug_info    0x00000000     0x3545 C:/Program Files (x86)/Atmel/Studio/7.0/Packs/Atmel/AVR-Dx_DFP/2.6.303/gcc/dev/avr128db48/avrxmega4/crtavr128db48.o

.debug_abbrev   0x00000000     0x3274
 *(.debug_abbrev)
 .debug_abbrev  0x00000000     0x3274 C:/Program Files (x86)/Atmel/Studio/7.0/Packs/Atmel/AVR-Dx_DFP/2.6.303/gcc/dev/avr128db48/avrxmega4/crtavr128db48.o

.debug_line     0x00000000      0x205
 *(.debug_line .debug_line.* .debug_line_end)
 .debug_line    0x00000000      0x205 C:/Program Files (x86)/Atmel/Studio/7.0/Packs/Atmel/AVR-Dx_DFP/2.6.303/gcc/dev/avr128db48/avrxmega4/crtavr128db48.o

.debug_frame
 *(.debug_frame)

.debug_str      0x00000000     0x170f
 *(.debug_str)
 .debug_str     0x00000000     0x170f C:/Program Files (x86)/Atmel/Studio/7.0/Packs/Atmel/AVR-Dx_DFP/2.6.303/gcc/dev/avr128db48/avrxmega4/crtavr128db48.o

.debug_loc
 *(.debug_loc)

.debug_macinfo
 *(.debug_macinfo)

.debug_weaknames
 *(.debug_weaknames)

.debug_funcnames
 *(.debug_funcnames)

.debug_typenames
 *(.debug_typenames)

.debug_varnames
 *(.debug_varnames)

.debug_pubtypes
 *(.debug_pubtypes)

.debug_ranges
 *(.debug_ranges)

.debug_macro
 *(.debug_macro)
OUTPUT(Flight_Controller.elf elf32-avr)
LOAD linker stubs
