Archive member included to satisfy reference by file (symbol)

c:/program files (x86)/atmel/studio/7.0/toolchain/avr8/avr8-gnu-toolchain/bin/../lib/gcc/avr/5.4.0/../../../../avr/lib/avrxmega4\libm.a(addsf3.o)
                              Sensors.o (__subsf3)
c:/program files (x86)/atmel/studio/7.0/toolchain/avr8/avr8-gnu-toolchain/bin/../lib/gcc/avr/5.4.0/../../../../avr/lib/avrxmega4\libm.a(addsf3x.o)
                              c:/program files (x86)/atmel/studio/7.0/toolchain/avr8/avr8-gnu-toolchain/bin/../lib/gcc/avr/5.4.0/../../../../avr/lib/avrxmega4\libm.a(addsf3.o) (__addsf3x)
c:/program files (x86)/atmel/studio/7.0/toolchain/avr8/avr8-gnu-toolchain/bin/../lib/gcc/avr/5.4.0/../../../../avr/lib/avrxmega4\libm.a(atan2.o)
                              Sensors.o (atan2)
c:/program files (x86)/atmel/studio/7.0/toolchain/avr8/avr8-gnu-toolchain/bin/../lib/gcc/avr/5.4.0/../../../../avr/lib/avrxmega4\libm.a(atan.o)
                              c:/program files (x86)/atmel/studio/7.0/toolchain/avr8/avr8-gnu-toolchain/bin/../lib/gcc/avr/5.4.0/../../../../avr/lib/avrxmega4\libm.a(atan2.o) (atan)
c:/program files (x86)/atmel/studio/7.0/toolchain/avr8/avr8-gnu-toolchain/bin/../lib/gcc/avr/5.4.0/../../../../avr/lib/avrxmega4\libm.a(cmpsf2.o)
                              Sensors.o (__lesf2)
c:/program files (x86)/atmel/studio/7.0/toolchain/avr8/avr8-gnu-toolchain/bin/../lib/gcc/avr/5.4.0/../../../../avr/lib/avrxmega4\libm.a(cos.o)
                              Sensors.o (cos)
c:/program files (x86)/atmel/studio/7.0/toolchain/avr8/avr8-gnu-toolchain/bin/../lib/gcc/avr/5.4.0/../../../../avr/lib/avrxmega4\libm.a(divsf3.o)
                              Sensors.o (__divsf3)
c:/program files (x86)/atmel/studio/7.0/toolchain/avr8/avr8-gnu-toolchain/bin/../lib/gcc/avr/5.4.0/../../../../avr/lib/avrxmega4\libm.a(divsf3x.o)
                              c:/program files (x86)/atmel/studio/7.0/toolchain/avr8/avr8-gnu-toolchain/bin/../lib/gcc/avr/5.4.0/../../../../avr/lib/avrxmega4\libm.a(divsf3.o) (__divsf3x)
c:/program files (x86)/atmel/studio/7.0/toolchain/avr8/avr8-gnu-toolchain/bin/../lib/gcc/avr/5.4.0/../../../../avr/lib/avrxmega4\libm.a(fixsfsi.o)
                              Sensors.o (__fixsfsi)
c:/program files (x86)/atmel/studio/7.0/toolchain/avr8/avr8-gnu-toolchain/bin/../lib/gcc/avr/5.4.0/../../../../avr/lib/avrxmega4\libm.a(fixunssfsi.o)
                              c:/program files (x86)/atmel/studio/7.0/toolchain/avr8/avr8-gnu-toolchain/bin/../lib/gcc/avr/5.4.0/../../../../avr/lib/avrxmega4\libm.a(fixsfsi.o) (__fixunssfsi)
c:/program files (x86)/atmel/studio/7.0/toolchain/avr8/avr8-gnu-toolchain/bin/../lib/gcc/avr/5.4.0/../../../../avr/lib/avrxmega4\libm.a(floatsisf.o)
                              Communication.o (__floatunsisf)
c:/program files (x86)/atmel/studio/7.0/toolchain/avr8/avr8-gnu-toolchain/bin/../lib/gcc/avr/5.4.0/../../../../avr/lib/avrxmega4\libm.a(fp_cmp.o)
                              c:/program files (x86)/atmel/studio/7.0/toolchain/avr8/avr8-gnu-toolchain/bin/../lib/gcc/avr/5.4.0/../../../../avr/lib/avrxmega4\libm.a(cmpsf2.o) (__fp_cmp)
c:/program files (x86)/atmel/studio/7.0/toolchain/avr8/avr8-gnu-toolchain/bin/../lib/gcc/avr/5.4.0/../../../../avr/lib/avrxmega4\libm.a(fp_inf.o)
                              c:/program files (x86)/atmel/studio/7.0/toolchain/avr8/avr8-gnu-toolchain/bin/../lib/gcc/avr/5.4.0/../../../../avr/lib/avrxmega4\libm.a(addsf3x.o) (__fp_inf)
c:/program files (x86)/atmel/studio/7.0/toolchain/avr8/avr8-gnu-toolchain/bin/../lib/gcc/avr/5.4.0/../../../../avr/lib/avrxmega4\libm.a(fp_nan.o)
                              c:/program files (x86)/atmel/studio/7.0/toolchain/avr8/avr8-gnu-toolchain/bin/../lib/gcc/avr/5.4.0/../../../../avr/lib/avrxmega4\libm.a(addsf3x.o) (__fp_nan)
c:/program files (x86)/atmel/studio/7.0/toolchain/avr8/avr8-gnu-toolchain/bin/../lib/gcc/avr/5.4.0/../../../../avr/lib/avrxmega4\libm.a(fp_powser.o)
                              c:/program files (x86)/atmel/studio/7.0/toolchain/avr8/avr8-gnu-toolchain/bin/../lib/gcc/avr/5.4.0/../../../../avr/lib/avrxmega4\libm.a(atan.o) (__fp_powser)
c:/program files (x86)/atmel/studio/7.0/toolchain/avr8/avr8-gnu-toolchain/bin/../lib/gcc/avr/5.4.0/../../../../avr/lib/avrxmega4\libm.a(fp_pscA.o)
                              c:/program files (x86)/atmel/studio/7.0/toolchain/avr8/avr8-gnu-toolchain/bin/../lib/gcc/avr/5.4.0/../../../../avr/lib/avrxmega4\libm.a(addsf3x.o) (__fp_pscA)
c:/program files (x86)/atmel/studio/7.0/toolchain/avr8/avr8-gnu-toolchain/bin/../lib/gcc/avr/5.4.0/../../../../avr/lib/avrxmega4\libm.a(fp_pscB.o)
                              c:/program files (x86)/atmel/studio/7.0/toolchain/avr8/avr8-gnu-toolchain/bin/../lib/gcc/avr/5.4.0/../../../../avr/lib/avrxmega4\libm.a(addsf3x.o) (__fp_pscB)
c:/program files (x86)/atmel/studio/7.0/toolchain/avr8/avr8-gnu-toolchain/bin/../lib/gcc/avr/5.4.0/../../../../avr/lib/avrxmega4\libm.a(fp_rempio2.o)
[...]
Memory Configuration

Name             Origin             Length             Attributes
text             0x00000000         0x00020000         xr
data             0x00804000         0x00004000         rw !x
eeprom           0x00810000         0x00000200         rw !x
fuse             0x00820000         0x00000010         rw !x
lock             0x00830000         0x00000400         rw !x
signature        0x00840000         0x00000400         rw !x
user_signatures  0x00850000         0x00000400         rw !x
*default*        0x00000000         0xffffffff

Linker script and memory map

Address of section .data set to 0x804000
                0x00008000                __RODATA_PM_OFFSET__ = 0x8000
LOAD C:/Program Files (x86)/Atmel/Studio/7.0/Packs/Atmel/AVR-Dx_DFP/2.6.303/gcc/dev/avr128db48/avrxmega4/crtavr128db48.o
LOAD Communication.o
LOAD Controllers.o
LOAD main.o
LOAD Sensors.o
START GROUP
LOAD c:/program files (x86)/atmel/studio/7.0/toolchain/avr8/avr8-gnu-toolchain/bin/../lib/gcc/avr/5.4.0/../../../../avr/lib/avrxmega4\libm.a
END GROUP
LOAD c:/program files (x86)/atmel/studio/7.0/toolchain/avr8/avr8-gnu-toolchain/bin/../lib/gcc/avr/5.4.0/../../../../avr/lib/avrxmega4\libprintf_flt.a
LOAD c:/program files (x86)/atmel/studio/7.0/toolchain/avr8/avr8-gnu-toolchain/bin/../lib/gcc/avr/5.4.0/../../../../avr/lib/avrxmega4\libm.a
START GROUP
LOAD c:/program files (x86)/atmel/studio/7.0/toolchain/avr8/avr8-gnu-toolchain/bin/../lib/gcc/avr/5.4.0/avrxmega4\libgcc.a
LOAD c:/program files (x86)/atmel/studio/7.0/toolchain/avr8/avr8-gnu-toolchain/bin/../lib/gcc/avr/5.4.0/../../../../avr/lib/avrxmega4\libm.a
LOAD c:/program files (x86)/atmel/studio/7.0/toolchain/avr8/avr8-gnu-toolchain/bin/../lib/gcc/avr/5.4.0/../../../../avr/lib/avrxmega4\libc.a
LOAD C:/Program Files (x86)/Atmel/Studio/7.0/Packs/Atmel/AVR-Dx_DFP/2.6.303/gcc/dev/avr128db48/avrxmega4\libavr128db48.a
END GROUP
                [0x00000000]                __TEXT_REGION_ORIGIN__ = DEFINED (__TEXT_REGION_ORIGIN__)?__TEXT_REGION_ORIGIN__:0x0
                [0x00804000]                __DATA_REGION_ORIGIN__ = DEFINED (__DATA_REGION_ORIGIN__)?__DATA_REGION_ORIGIN__:0x802000
                [0x00020000]                __TEXT_REGION_LENGTH__ = DEFINED (__TEXT_REGION_LENGTH__)?__TEXT_REGION_LENGTH__:0x100000
                [0x00004000]                __DATA_REGION_LENGTH__ = DEFINED (__DATA_REGION_LENGTH__)?__DATA_REGION_LENGTH__:0xffa0
                [0x00000200]                __EEPROM_REGION_LENGTH__ = DEFINED (__EEPROM_REGION_LENGTH__)?__EEPROM_REGION_LENGTH__:0x10000
                [0x00000010]                __FUSE_REGION_LENGTH__ = DEFINED (__FUSE_REGION_LENGTH__)?__FUSE_REGION_LENGTH__:0x400
                0x00000400                __LOCK_REGION_LENGTH__ = DEFINED (__LOCK_REGION_LENGTH__)?__LOCK_REGION_LENGTH__:0x400
                0x00000400                __SIGNATURE_REGION_LENGTH__ = DEFINED (__SIGNATURE_REGION_LENGTH__)?__SIGNATURE_REGION_LENGTH__:0x400
                0x00000400                __USER_SIGNATURE_REGION_LENGTH__ = DEFINED (__USER_SIGNATURE_REGION_LENGTH__)?__USER_SIGNATURE_REGION_LENGTH__:0x400

.hash
 *(.hash)

.dynsym
 *(.dynsym)

.dynstr
 *(.dynstr)

.gnu.version
 *(.gnu.version)

.gnu.version_d
 *(.gnu.version_d)

.gnu.version_r
 *(.gnu.version_r)

.rel.init
 *(.rel.init)

.rela.init
 *(.rela.init)

.rel.text
 *(.rel.text)
 *(.rel.text.*)
 *(.rel.gnu.linkonce.t*)

.rela.text
 *(.rela.text)
 *(.rela.text.*)
 *(.rela.gnu.linkonce.t*)

.rel.fini
 *(.rel.fini)

.rela.fini
 *(.rela.fini)

.rel.rodata
 *(.rel.rodata)
 *(.rel.rodata.*)
 *(.rel.gnu.linkonce.r*)

.rela.rodata
 *(.rela.rodata)
 *(.rela.rodata.*)
 *(.rela.gnu.linkonce.r*)

.rel.data
 *(.rel.data)
 *(.rel.data.*)
 *(.rel.gnu.linkonce.d*)

.rela.data
 *(.rela.data)
 *(.rela.data.*)
 *(.rela.gnu.linkonce.d*)

.rel.ctors
 *(.rel.ctors)

.rela.ctors
 *(.rela.ctors)

.rel.dtors
 *(.rel.dtors)

.rela.dtors
 *(.rela.dtors)

.rel.got
 *(.rel.got)

.rela.got
 *(.rela.got)

.rel.bss
 *(.rel.bss)

.rela.bss
 *(.rela.bss)

.rel.plt
 *(.rel.plt)

.rela.plt
 *(.rela.plt)

.text           0x00000000     0x5050
 *(.vectors)
 .vectors       0x00000000       0xf4 C:/Program Files (x86)/Atmel/Studio/7.0/Packs/Atmel/AVR-Dx_DFP/2.6.303/gcc/dev/avr128db48/avrxmega4/crtavr128db48.o
                0x00000000                __vector_default
                0x00000000                __vectors
 *(.vectors)
 *(.progmem.gcc*)
 .progmem.gcc_sw_table.Write_Character
                0x000000f4       0x5e Communication.o
 .progmem.gcc_sw_table.Clear_Display
                0x00000152       0x10 Communication.o
 .progmem.gcc_sw_table.Print_Page
                0x00000162        0xe Communication.o
 .progmem.gcc_fplib
                0x00000170       0x2d c:/program files (x86)/atmel/studio/7.0/toolchain/avr8/avr8-gnu-toolchain/bin/../lib/gcc/avr/5.4.0/../../../../avr/lib/avrxmega4\libm.a(atan.o)
 .progmem.gcc_fplib
                0x0000019d       0x1e c:/program files (x86)/atmel/studio/7.0/toolchain/avr8/avr8-gnu-toolchain/bin/../lib/gcc/avr/5.4.0/../../../../avr/lib/avrxmega4\libm.a(fp_sinus.o)
 .progmem.gcc_fplib
                0x000001bb       0x23 c:/program files (x86)/atmel/studio/7.0/toolchain/avr8/avr8-gnu-toolchain/bin/../lib/gcc/avr/5.4.0/../../../../avr/lib/avrxmega4\libm.a(tan.o)
 .progmem.gcc_fplib
                0x000001de       0x28 c:/program files (x86)/atmel/studio/7.0/toolchain/avr8/avr8-gnu-toolchain/bin/../lib/gcc/avr/5.4.0/../../../../avr/lib/avrxmega4\libm.a(exp.o)
 .progmem.gcc_fplib
                0x00000206       0x5a c:/program files (x86)/atmel/studio/7.0/toolchain/avr8/avr8-gnu-toolchain/bin/../lib/gcc/avr/5.4.0/../../../../avr/lib/avrxmega4\libm.a(log.o)
                0x00000260                . = ALIGN (0x2)
                0x00000260                __trampolines_start = .
 *(.trampolines)
 .trampolines   0x00000260        0x0 linker stubs
 *(.trampolines*)
                0x00000260                __trampolines_end = .
 *libprintf_flt.a:*(.progmem.data)
 .progmem.data  0x00000260        0x8 c:/program files (x86)/atmel/studio/7.0/toolchain/avr8/avr8-gnu-toolchain/bin/../lib/gcc/avr/5.4.0/../../../../avr/lib/avrxmega4\libprintf_flt.a(vfprintf_flt.o)
 *libc.a:*(.progmem.data)
 .progmem.data  0x00000268       0x3b c:/program files (x86)/atmel/studio/7.0/toolchain/avr8/avr8-gnu-toolchain/bin/../lib/gcc/avr/5.4.0/../../../../avr/lib/avrxmega4\libc.a(strtod.o)
 .progmem.data  0x000002a3       0xfa c:/program files (x86)/atmel/studio/7.0/toolchain/avr8/avr8-gnu-toolchain/bin/../lib/gcc/avr/5.4.0/../../../../avr/lib/avrxmega4\libc.a(ftoa_engine.o)
 *(.progmem*)
                0x0000039e                . = ALIGN (0x2)
 *fill*         0x0000039d        0x1 
 *(.jumptables)
 *(.jumptables*)
 *(.lowtext)
 *(.lowtext*)
                0x0000039e                __ctors_start = .
 *(.ctors)
                0x0000039e                __ctors_end = .
                0x0000039e                __dtors_start = .
 *(.dtors)
                0x0000039e                __dtors_end = .
 SORT(*)(.ctors)
 SORT(*)(.dtors)
 *(.init0)
 .init0         0x0000039e        0x0 C:/Program Files (x86)/Atmel/Studio/7.0/Packs/Atmel/AVR-Dx_DFP/2.6.303/gcc/dev/avr128db48/avrxmega4/crtavr128db48.o
                0x0000039e                __init
 *(.init0)
 *(.init1)
 *(.init1)
 *(.init2)
 .init2         0x0000039e        0xc C:/Program Files (x86)/Atmel/Studio/7.0/Packs/Atmel/AVR-Dx_DFP/2.6.303/gcc/dev/avr128db48/avrxmega4/crtavr128db48.o
 *(.init2)
 *(.init3)
 *(.init3)
 *(.init4)
 .init4         0x000003aa       0x1a c:/program files (x86)/atmel/studio/7.0/toolchain/avr8/avr8-gnu-toolchain/bin/../lib/gcc/avr/5.4.0/avrxmega4\libgcc.a(_copy_data.o)
                0x000003aa                __do_copy_data
 .init4         0x000003c4       0x10 c:/program files (x86)/atmel/studio/7.0/toolchain/avr8/avr8-gnu-toolchain/bin/../lib/gcc/avr/5.4.0/avrxmega4\libgcc.a(_clear_bss.o)
                0x000003c4                __do_clear_bss
 *(.init4)
 *(.init5)
 *(.init5)
 *(.init6)
 *(.init6)
 *(.init7)
 *(.init7)
 *(.init8)
 *(.init8)
 *(.init9)
 .init9         0x000003d4        0x8 C:/Program Files (x86)/Atmel/Studio/7.0/Packs/Atmel/AVR-Dx_DFP/2.6.303/gcc/dev/avr128db48/avrxmega4/crtavr128db48.o
 *(.init9)
 *(.text)
 .text          0x000003dc        0x4 C:/Program Files (x86)/Atmel/Studio/7.0/Packs/Atmel/AVR-Dx_DFP/2.6.303/gcc/dev/avr128db48/avrxmega4/crtavr128db48.o
                0x000003dc                __vector_38
                0x000003dc                __vector_22
                0x000003dc                __vector_28
                0x000003dc                __vector_1
                0x000003dc                __vector_32
                0x000003dc                __vector_34
                0x000003dc                __vector_24
                0x000003dc                __vector_12
                0x000003dc                __vector_55
                0x000003dc                __vector_46
                0x000003dc                __bad_interrupt
                0x000003dc                __vector_6
                0x000003dc                __vector_31
                0x000003dc                __vector_35
                0x000003dc                __vector_39
                0x000003dc                __vector_3
                0x000003dc                __vector_23
                0x000003dc                __vector_30
                0x000003dc                __vector_45
                0x000003dc                __vector_25
                0x000003dc                __vector_54
                0x000003dc                __vector_13
                0x000003dc                __vector_17
                0x000003dc                __vector_19
                0x000003dc                __vector_56
                0x000003dc                __vector_7
                0x000003dc                __vector_49
                0x000003dc                __vector_41
                0x000003dc                __vector_43
                0x000003dc                __vector_27
                0x000003dc                __vector_33
                0x000003dc                __vector_47
                0x000003dc                __vector_52
                0x000003dc                __vector_37
                0x000003dc                __vector_4
                0x000003dc                __vector_44
                0x000003dc                __vector_51
                0x000003dc                __vector_9
                0x000003dc                __vector_2
                0x000003dc                __vector_21
                0x000003dc                __vector_36
                0x000003dc                __vector_58
                0x000003dc                __vector_29
                0x000003dc                __vector_60
                0x000003dc                __vector_40
                0x000003dc                __vector_8
                0x000003dc                __vector_26
                0x000003dc                __vector_48
                0x000003dc                __vector_57
                0x000003dc                __vector_10
                0x000003dc                __vector_50
                0x000003dc                __vector_16
                0x000003dc                __vector_59
                0x000003dc                __vector_18
                0x000003dc                __vector_20
                0x000003dc                __vector_42
                0x000003e0                . = ALIGN (0x2)
 *(.text.*)
 .text.Setup_SPI
                0x000003e0       0x3e Communication.o
                0x000003e0                Setup_SPI
 .text.Read_SPI
                0x0000041e      0x140 Communication.o
                0x0000041e                Read_SPI
 .text.Write_SPI
                0x0000055e      0x104 Communication.o
                0x0000055e                Write_SPI
 .text.Setup_TWI
                0x00000662       0x3a Communication.o
                0x00000662                Setup_TWI
 .text.Write_TWI
                0x0000069c      0x10c Communication.o
                0x0000069c                Write_TWI
 .text.Setup_LoRa
                0x000007a8       0x90 Communication.o
                0x000007a8                Setup_LoRa
 .text.Read_LoRa
                0x00000838       0xb4 Communication.o
                0x00000838                Read_LoRa
 .text.Write_Display
                0x000008ec       0x2e Communication.o
                0x000008ec                Write_Display
 .text.Write_Display_Double
                0x0000091a       0x32 Communication.o
                0x0000091a                Write_Display_Double
 .text.Write_Character
                0x0000094c      0x3ce Communication.o
                0x0000094c                Write_Character
 .text.Clear_Display
                0x00000d1a       0xb4 Communication.o
                0x00000d1a                Clear_Display
 .text.Setup_SSD
                0x00000dce       0x7c Communication.o
                0x00000dce                Setup_SSD
 .text.Print_Page
                0x00000e4a       0x92 Communication.o
                0x00000e4a                Print_Page
 .text.Run_Motors
                0x00000edc       0xb8 Controllers.o
                0x00000edc                Run_Motors
 .text.__vector_11
                0x00000f94       0x46 Controllers.o
                0x00000f94                __vector_11
 .text.Run      0x00000fda      0x256 main.o
                0x00000fda                Run
 .text.Delay    0x00001230       0xaa main.o
                0x00001230                Delay
 .text.Setup    0x000012da      0x110 main.o
                0x000012da                Setup
 .text.startup.main
                0x000013ea       0x1e main.o
                0x000013ea                main
 .text.__vector_5
                0x00001408       0x5a main.o
                0x00001408                __vector_5
 .text.__vector_14
                0x00001462       0x50 main.o
                0x00001462                __vector_14
 .text.__vector_15
                0x000014b2       0x28 main.o
                0x000014b2                __vector_15
 .text.Setup_Bar
                0x000014da       0x66 Sensors.o
                0x000014da                Setup_Bar
 .text.Height_Bar
                0x00001540       0x42 Sensors.o
                0x00001540                Height_Bar
 .text.Read_Bar
                0x00001582      0x106 Sensors.o
                0x00001582                Read_Bar
 .text.Setup_IMU
                0x00001688       0x66 Sensors.o
                0x00001688                Setup_IMU
 .text.Read_IMU
                0x000016ee      0x394 Sensors.o
                0x000016ee                Read_IMU
 .text.Setup_Mag
                0x00001a82       0x66 Sensors.o
                0x00001a82                Setup_Mag
 .text.Read_Mag
                0x00001ae8      0x38c Sensors.o
                0x00001ae8                Read_Mag
 .text.LLA_to_NED
                0x00001e74      0x37e Sensors.o
                0x00001e74                LLA_to_NED
 .text.Read_GPS
                0x000021f2      0x8be Sensors.o
                0x000021f2                Read_GPS
 .text.USART_Transmit
                0x00002ab0       0x36 Sensors.o
                0x00002ab0                USART_Transmit
 .text.Setup_GPS
                0x00002ae6      0x392 Sensors.o
                0x00002ae6                Setup_GPS
 .text.__vector_53
                0x00002e78       0x5c Sensors.o
                0x00002e78                __vector_53
 .text.Observer
                0x00002ed4      0x5b6 Sensors.o
                0x00002ed4                Observer
 .text.avr-libc.fplib
                0x0000348a        0xe c:/program files (x86)/atmel/studio/7.0/toolchain/avr8/avr8-gnu-toolchain/bin/../lib/gcc/avr/5.4.0/../../../../avr/lib/avrxmega4\libm.a(addsf3.o)
                0x0000348a                __subsf3
                0x0000348c                __addsf3
 .text.avr-libc.fplib
                0x00003498       0xcc c:/program files (x86)/atmel/studio/7.0/toolchain/avr8/avr8-gnu-toolchain/bin/../lib/gcc/avr/5.4.0/../../../../avr/lib/avrxmega4\libm.a(addsf3x.o)
                0x000034ba                __addsf3x
 .text.avr-libc.fplib
                0x00003564       0x86 c:/program files (x86)/atmel/studio/7.0/toolchain/avr8/avr8-gnu-toolchain/bin/../lib/gcc/avr/5.4.0/../../../../avr/lib/avrxmega4\libm.a(atan2.o)
                0x0000358a                atan2
 .text.avr-libc.fplib
                0x000035ea       0x5e c:/program files (x86)/atmel/studio/7.0/toolchain/avr8/avr8-gnu-toolchain/bin/../lib/gcc/avr/5.4.0/../../../../avr/lib/avrxmega4\libm.a(atan.o)
                0x000035ea                atan
 .text.avr-libc.fplib
                0x00003648        0xa c:/program files (x86)/atmel/studio/7.0/toolchain/avr8/avr8-gnu-toolchain/bin/../lib/gcc/avr/5.4.0/../../../../avr/lib/avrxmega4\libm.a(cmpsf2.o)
                0x00003648                __nesf2
                0x00003648                __eqsf2
                0x00003648                __cmpsf2
                0x00003648                __ltsf2
                0x00003648                __lesf2
 .text.avr-libc.fplib
                0x00003652        0xa c:/program files (x86)/atmel/studio/7.0/toolchain/avr8/avr8-gnu-toolchain/bin/../lib/gcc/avr/5.4.0/../../../../avr/lib/avrxmega4\libm.a(cos.o)
                0x00003652                cos
 .text.avr-libc.fplib
                0x0000365c        0x8 c:/program files (x86)/atmel/studio/7.0/toolchain/avr8/avr8-gnu-toolchain/bin/../lib/gcc/avr/5.4.0/../../../../avr/lib/avrxmega4\libm.a(divsf3.o)
                0x0000365c                __divsf3
 .text.avr-libc.fplib
                0x00003664       0xdc c:/program files (x86)/atmel/studio/7.0/toolchain/avr8/avr8-gnu-toolchain/bin/../lib/gcc/avr/5.4.0/../../../../avr/lib/avrxmega4\libm.a(divsf3x.o)
                0x00003684                __divsf3x
                0x0000368a                __divsf3_pse
 .text.avr-libc.fplib
                0x00003740        0xe c:/program files (x86)/atmel/studio/7.0/toolchain/avr8/avr8-gnu-toolchain/bin/../lib/gcc/avr/5.4.0/../../../../avr/lib/avrxmega4\libm.a(fixsfsi.o)
                0x00003740                __fixsfsi
 .text.avr-libc.fplib
                0x0000374e       0x5e c:/program files (x86)/atmel/studio/7.0/toolchain/avr8/avr8-gnu-toolchain/bin/../lib/gcc/avr/5.4.0/../../../../avr/lib/avrxmega4\libm.a(fixunssfsi.o)
                0x0000374e                __fixunssfsi
 .text.avr-libc.fplib
                0x000037ac       0x7a c:/program files (x86)/atmel/studio/7.0/toolchain/avr8/avr8-gnu-toolchain/bin/../lib/gcc/avr/5.4.0/../../../../avr/lib/avrxmega4\libm.a(floatsisf.o)
                0x000037ac                __floatunsisf
                0x000037b0                __floatsisf
 .text.avr-libc.fplib
                0x00003826       0x48 c:/program files (x86)/atmel/studio/7.0/toolchain/avr8/avr8-gnu-toolchain/bin/../lib/gcc/avr/5.4.0/../../../../avr/lib/avrxmega4\libm.a(fp_cmp.o)
                0x00003826                __fp_cmp
 .text.avr-libc.fplib
                0x0000386e        0xc c:/program files (x86)/atmel/studio/7.0/toolchain/avr8/avr8-gnu-toolchain/bin/../lib/gcc/avr/5.4.0/../../../../avr/lib/avrxmega4\libm.a(fp_inf.o)
                0x0000386e                __fp_inf
 .text.avr-libc.fplib
                0x0000387a        0x6 c:/program files (x86)/atmel/studio/7.0/toolchain/avr8/avr8-gnu-toolchain/bin/../lib/gcc/avr/5.4.0/../../../../avr/lib/avrxmega4\libm.a(fp_nan.o)
                0x0000387a                __fp_nan
 .text.avr-libc.fplib
                0x00003880       0x4e c:/program files (x86)/atmel/studio/7.0/toolchain/avr8/avr8-gnu-toolchain/bin/../lib/gcc/avr/5.4.0/../../../../avr/lib/avrxmega4\libm.a(fp_powser.o)
                0x00003880                __fp_powser
 .text.avr-libc.fplib
                0x000038ce        0xe c:/program files (x86)/atmel/studio/7.0/toolchain/avr8/avr8-gnu-toolchain/bin/../lib/gcc/avr/5.4.0/../../../../avr/lib/avrxmega4\libm.a(fp_pscA.o)
                0x000038ce                __fp_pscA
 .text.avr-libc.fplib
                0x000038dc        0xe c:/program files (x86)/atmel/studio/7.0/toolchain/avr8/avr8-gnu-toolchain/bin/../lib/gcc/avr/5.4.0/../../../../avr/lib/avrxmega4\libm.a(fp_pscB.o)
                0x000038dc                __fp_pscB
 .text.avr-libc.fplib
                0x000038ea       0x56 c:/program files (x86)/atmel/studio/7.0/toolchain/avr8/avr8-gnu-toolchain/bin/../lib/gcc/avr/5.4.0/../../../../avr/lib/avrxmega4\libm.a(fp_rempio2.o)
                0x000038ee                __fp_rempio2
 .text.avr-libc.fplib
                0x00003940       0x22 c:/program files (x86)/atmel/studio/7.0/toolchain/avr8/avr8-gnu-toolchain/bin/../lib/gcc/avr/5.4.0/../../../../avr/lib/avrxmega4\libm.a(fp_round.o)
                0x00003940                __fp_round
 .text.avr-libc.fplib
                0x00003962       0x28 c:/program files (x86)/atmel/studio/7.0/toolchain/avr8/avr8-gnu-toolchain/bin/../lib/gcc/avr/5.4.0/../../../../avr/lib/avrxmega4\libm.a(fp_sinus.o)
                0x00003962                __fp_sinus
 .text.avr-libc.fplib
                0x0000398a       0x44 c:/program files (x86)/atmel/studio/7.0/toolchain/avr8/avr8-gnu-toolchain/bin/../lib/gcc/avr/5.4.0/../../../../avr/lib/avrxmega4\libm.a(fp_split3.o)
                0x0000398a                __fp_split3
                0x0000399a                __fp_splitA
 .text.avr-libc.fplib
                0x000039ce        0xe c:/program files (x86)/atmel/studio/7.0/toolchain/avr8/avr8-gnu-toolchain/bin/../lib/gcc/avr/5.4.0/../../../../avr/lib/avrxmega4\libm.a(fp_zero.o)
                0x000039ce                __fp_zero
                0x000039d0                __fp_szero
 .text.avr-libc.fplib
                0x000039dc        0xa c:/program files (x86)/atmel/studio/7.0/toolchain/avr8/avr8-gnu-toolchain/bin/../lib/gcc/avr/5.4.0/../../../../avr/lib/avrxmega4\libm.a(gesf2.o)
                0x000039dc                __gesf2
                0x000039dc                __gtsf2
 .text.avr-libc.fplib
                0x000039e6       0x10 c:/program files (x86)/atmel/studio/7.0/toolchain/avr8/avr8-gnu-toolchain/bin/../lib/gcc/avr/5.4.0/../../../../avr/lib/avrxmega4\libm.a(inverse.o)
                0x000039e6                inverse
 .text.avr-libc.fplib
                0x000039f6        0x8 c:/program files (x86)/atmel/studio/7.0/toolchain/avr8/avr8-gnu-toolchain/bin/../lib/gcc/avr/5.4.0/../../../../avr/lib/avrxmega4\libm.a(mulsf3.o)
                0x000039f6                __mulsf3
 .text.avr-libc.fplib
                0x000039fe       0xd2 c:/program files (x86)/atmel/studio/7.0/toolchain/avr8/avr8-gnu-toolchain/bin/../lib/gcc/avr/5.4.0/../../../../avr/lib/avrxmega4\libm.a(mulsf3x.o)
                0x00003a1c                __mulsf3x
                0x00003a22                __mulsf3_pse
 .text.avr-libc.fplib
                0x00003ad0       0xa0 c:/program files (x86)/atmel/studio/7.0/toolchain/avr8/avr8-gnu-toolchain/bin/../lib/gcc/avr/5.4.0/../../../../avr/lib/avrxmega4\libm.a(pow.o)
                0x00003ad0                pow
 .text.avr-libc.fplib
                0x00003b70       0x10 c:/program files (x86)/atmel/studio/7.0/toolchain/avr8/avr8-gnu-toolchain/bin/../lib/gcc/avr/5.4.0/../../../../avr/lib/avrxmega4\libm.a(sin.o)
                0x00003b70                sin
 .text.avr-libc.fplib
                0x00003b80       0x8c c:/program files (x86)/atmel/studio/7.0/toolchain/avr8/avr8-gnu-toolchain/bin/../lib/gcc/avr/5.4.0/../../../../avr/lib/avrxmega4\libm.a(sqrt.o)
                0x00003b8c                sqrtf
                0x00003b8c                sqrt
 .text.avr-libc.fplib
                0x00003c0c        0x8 c:/program files (x86)/atmel/studio/7.0/toolchain/avr8/avr8-gnu-toolchain/bin/../lib/gcc/avr/5.4.0/../../../../avr/lib/avrxmega4\libm.a(square.o)
                0x00003c0c                square
 .text.avr-libc.fplib
                0x00003c14       0x4a c:/program files (x86)/atmel/studio/7.0/toolchain/avr8/avr8-gnu-toolchain/bin/../lib/gcc/avr/5.4.0/../../../../avr/lib/avrxmega4\libm.a(tan.o)
                0x00003c14                tan
 .text.avr-libc.fplib
                0x00003c5e        0xa c:/program files (x86)/atmel/studio/7.0/toolchain/avr8/avr8-gnu-toolchain/bin/../lib/gcc/avr/5.4.0/../../../../avr/lib/avrxmega4\libm.a(unordsf2.o)
                0x00003c5e                __unordsf2
 .text.avr-libc.fplib
                0x00003c68       0x74 c:/program files (x86)/atmel/studio/7.0/toolchain/avr8/avr8-gnu-toolchain/bin/../lib/gcc/avr/5.4.0/../../../../avr/lib/avrxmega4\libm.a(exp.o)
                0x00003c78                exp
 .text.avr-libc.fplib
                0x00003cdc       0x1c c:/program files (x86)/atmel/studio/7.0/toolchain/avr8/avr8-gnu-toolchain/bin/../lib/gcc/avr/5.4.0/../../../../avr/lib/avrxmega4\libm.a(fp_mpack.o)
                0x00003cdc                __fp_mpack
                0x00003ce0                __fp_mpack_finite
 .text.avr-libc.fplib
                0x00003cf8        0xe c:/program files (x86)/atmel/studio/7.0/toolchain/avr8/avr8-gnu-toolchain/bin/../lib/gcc/avr/5.4.0/../../../../avr/lib/avrxmega4\libm.a(fp_norm2.o)
                0x00003cf8                __fp_norm2
 .text.avr-libc.fplib
                0x00003d06       0x28 c:/program files (x86)/atmel/studio/7.0/toolchain/avr8/avr8-gnu-toolchain/bin/../lib/gcc/avr/5.4.0/../../../../avr/lib/avrxmega4\libm.a(fp_powsodd.o)
                0x00003d06                __fp_powsodd
 .text.avr-libc.fplib
                0x00003d2e       0x74 c:/program files (x86)/atmel/studio/7.0/toolchain/avr8/avr8-gnu-toolchain/bin/../lib/gcc/avr/5.4.0/../../../../avr/lib/avrxmega4\libm.a(ldexp.o)
                0x00003d36                ldexp
 .text.avr-libc.fplib
                0x00003da2       0xa0 c:/program files (x86)/atmel/studio/7.0/toolchain/avr8/avr8-gnu-toolchain/bin/../lib/gcc/avr/5.4.0/../../../../avr/lib/avrxmega4\libm.a(log.o)
                0x00003db2                log
 .text.avr-libc.fplib
                0x00003e42       0x68 c:/program files (x86)/atmel/studio/7.0/toolchain/avr8/avr8-gnu-toolchain/bin/../lib/gcc/avr/5.4.0/../../../../avr/lib/avrxmega4\libm.a(modf.o)
                0x00003e42                modf
                0x00003e42                modff
 .text.avr-libc
                0x00003eaa      0x740 c:/program files (x86)/atmel/studio/7.0/toolchain/avr8/avr8-gnu-toolchain/bin/../lib/gcc/avr/5.4.0/../../../../avr/lib/avrxmega4\libprintf_flt.a(vfprintf_flt.o)
                0x00003eaa                vfprintf
 .text.libgcc.mul
                0x000045ea       0x20 c:/program files (x86)/atmel/studio/7.0/toolchain/avr8/avr8-gnu-toolchain/bin/../lib/gcc/avr/5.4.0/avrxmega4\libgcc.a(_mulsi3.o)
                0x000045ea                __mulsi3
 .text.libgcc   0x0000460a       0x12 c:/program files (x86)/atmel/studio/7.0/toolchain/avr8/avr8-gnu-toolchain/bin/../lib/gcc/avr/5.4.0/avrxmega4\libgcc.a(_tablejump2.o)
                0x0000460a                __tablejump2__
 .text.libgcc.mul
                0x0000461c       0x16 c:/program files (x86)/atmel/studio/7.0/toolchain/avr8/avr8-gnu-toolchain/bin/../lib/gcc/avr/5.4.0/avrxmega4\libgcc.a(_muluhisi3.o)
                0x0000461c                __muluhisi3
 .text.libgcc.builtins
                0x00004632       0x3c c:/program files (x86)/atmel/studio/7.0/toolchain/avr8/avr8-gnu-toolchain/bin/../lib/gcc/avr/5.4.0/avrxmega4\libgcc.a(_ashrdi3.o)
                0x00004632                __ashrdi3
                0x00004636                __lshrdi3
 .text.libgcc   0x0000466e       0x12 c:/program files (x86)/atmel/studio/7.0/toolchain/avr8/avr8-gnu-toolchain/bin/../lib/gcc/avr/5.4.0/avrxmega4\libgcc.a(_adddi3.o)
                0x0000466e                __adddi3
 .text.libgcc   0x00004680       0x18 c:/program files (x86)/atmel/studio/7.0/toolchain/avr8/avr8-gnu-toolchain/bin/../lib/gcc/avr/5.4.0/avrxmega4\libgcc.a(_adddi3_s8.o)
                0x00004680                __adddi3_s8
 .text.libgcc   0x00004698       0x12 c:/program files (x86)/atmel/studio/7.0/toolchain/avr8/avr8-gnu-toolchain/bin/../lib/gcc/avr/5.4.0/avrxmega4\libgcc.a(_cmpdi2.o)
                0x00004698                __cmpdi2
 .text.libgcc.mul
                0x000046aa       0x1e c:/program files (x86)/atmel/studio/7.0/toolchain/avr8/avr8-gnu-toolchain/bin/../lib/gcc/avr/5.4.0/avrxmega4\libgcc.a(_umulhisi3.o)
                0x000046aa                __umulhisi3
 .text.avr-libc
                0x000046c8      0x242 c:/program files (x86)/atmel/studio/7.0/toolchain/avr8/avr8-gnu-toolchain/bin/../lib/gcc/avr/5.4.0/../../../../avr/lib/avrxmega4\libc.a(malloc.o)
                0x000046c8                malloc
                0x000047f8                free
 .text.avr-libc
                0x0000490a      0x2b8 c:/program files (x86)/atmel/studio/7.0/toolchain/avr8/avr8-gnu-toolchain/bin/../lib/gcc/avr/5.4.0/../../../../avr/lib/avrxmega4\libc.a(strtod.o)
                0x0000490a                strtod
 .text.avr-libc
                0x00004bc2       0x3c c:/program files (x86)/atmel/studio/7.0/toolchain/avr8/avr8-gnu-toolchain/bin/../lib/gcc/avr/5.4.0/../../../../avr/lib/avrxmega4\libc.a(atoi.o)
                0x00004bc2                atoi
 .text.avr-libc
                0x00004bfe       0x4e c:/program files (x86)/atmel/studio/7.0/toolchain/avr8/avr8-gnu-toolchain/bin/../lib/gcc/avr/5.4.0/../../../../avr/lib/avrxmega4\libc.a(atol.o)
                0x00004bfe                atol
 .text.avr-libc
                0x00004c4c      0x1b0 c:/program files (x86)/atmel/studio/7.0/toolchain/avr8/avr8-gnu-toolchain/bin/../lib/gcc/avr/5.4.0/../../../../avr/lib/avrxmega4\libc.a(ftoa_engine.o)
                0x00004c4c                __ftoa_engine
 .text.avr-libc
                0x00004dfc       0x12 c:/program files (x86)/atmel/studio/7.0/toolchain/avr8/avr8-gnu-toolchain/bin/../lib/gcc/avr/5.4.0/../../../../avr/lib/avrxmega4\libc.a(isspace.o)
                0x00004dfc                isspace
 .text.avr-libc
                0x00004e0e       0x30 c:/program files (x86)/atmel/studio/7.0/toolchain/avr8/avr8-gnu-toolchain/bin/../lib/gcc/avr/5.4.0/../../../../avr/lib/avrxmega4\libc.a(strncasecmp_P.o)
                0x00004e0e                strncasecmp_P
 .text.avr-libc
                0x00004e3e       0x16 c:/program files (x86)/atmel/studio/7.0/toolchain/avr8/avr8-gnu-toolchain/bin/../lib/gcc/avr/5.4.0/../../../../avr/lib/avrxmega4\libc.a(strnlen_P.o)
                0x00004e3e                strnlen_P
 .text.avr-libc
                0x00004e54       0x16 c:/program files (x86)/atmel/studio/7.0/toolchain/avr8/avr8-gnu-toolchain/bin/../lib/gcc/avr/5.4.0/../../../../avr/lib/avrxmega4\libc.a(strnlen.o)
                0x00004e54                strnlen
 .text.avr-libc
                0x00004e6a       0x2a c:/program files (x86)/atmel/studio/7.0/toolchain/avr8/avr8-gnu-toolchain/bin/../lib/gcc/avr/5.4.0/../../../../avr/lib/avrxmega4\libc.a(mulsi10.o)
                0x00004e6a                __mulsi_const_10
 .text.avr-libc
                0x00004e94       0x10 c:/program files (x86)/atmel/studio/7.0/toolchain/avr8/avr8-gnu-toolchain/bin/../lib/gcc/avr/5.4.0/../../../../avr/lib/avrxmega4\libc.a(mul10.o)
                0x00004e94                __mulhi_const_10
 .text.avr-libc
                0x00004ea4       0x78 c:/program files (x86)/atmel/studio/7.0/toolchain/avr8/avr8-gnu-toolchain/bin/../lib/gcc/avr/5.4.0/../../../../avr/lib/avrxmega4\libc.a(fputc.o)
                0x00004ea4                fputc
 .text.avr-libc
                0x00004f1c       0x6e c:/program files (x86)/atmel/studio/7.0/toolchain/avr8/avr8-gnu-toolchain/bin/../lib/gcc/avr/5.4.0/../../../../avr/lib/avrxmega4\libc.a(snprintf.o)
                0x00004f1c                snprintf
 .text.avr-libc
                0x00004f8a       0xbc c:/program files (x86)/atmel/studio/7.0/toolchain/avr8/avr8-gnu-toolchain/bin/../lib/gcc/avr/5.4.0/../../../../avr/lib/avrxmega4\libc.a(ultoa_invert.o)
                0x00004f8a                __ultoa_invert
 .text.avr-libc
                0x00005046        0x6 c:/program files (x86)/atmel/studio/7.0/toolchain/avr8/avr8-gnu-toolchain/bin/../lib/gcc/avr/5.4.0/../../../../avr/lib/avrxmega4\libc.a(cty_isfalse.o)
                0x00005046                __ctype_isfalse
                0x0000504a                __ctype_istrue
                0x0000504c                . = ALIGN (0x2)
 *(.fini9)
 .fini9         0x0000504c        0x0 c:/program files (x86)/atmel/studio/7.0/toolchain/avr8/avr8-gnu-toolchain/bin/../lib/gcc/avr/5.4.0/avrxmega4\libgcc.a(_exit.o)
                0x0000504c                _exit
                0x0000504c                exit
 *(.fini9)
 *(.fini8)
 *(.fini8)
 *(.fini7)
 *(.fini7)
 *(.fini6)
 *(.fini6)
 *(.fini5)
 *(.fini5)
 *(.fini4)
 *(.fini4)
 *(.fini3)
 *(.fini3)
 *(.fini2)
 *(.fini2)
 *(.fini1)
 *(.fini1)
 *(.fini0)
 .fini0         0x0000504c        0x4 c:/program files (x86)/atmel/studio/7.0/toolchain/avr8/avr8-gnu-toolchain/bin/../lib/gcc/avr/5.4.0/avrxmega4\libgcc.a(_exit.o)
 *(.fini0)
                0x00005050                _etext = .

.data           0x00804000      0x212 load address 0x00005050
                0x00804000                PROVIDE (__data_start, .)
 *(.data)
 .data          0x00804000        0x6 c:/program files (x86)/atmel/studio/7.0/toolchain/avr8/avr8-gnu-toolchain/bin/../lib/gcc/avr/5.4.0/../../../../avr/lib/avrxmega4\libc.a(malloc.o)
                0x00804000                __malloc_heap_end
                0x00804002                __malloc_heap_start
                0x00804004                __malloc_margin
 *(.data*)
 *(.gnu.linkonce.d*)
 *(.rodata)
 .rodata        0x00804006       0x71 Communication.o
 .rodata        0x00804077      0x18f Sensors.o
 *(.rodata*)
 .rodata.str1.1
                0x00804206        0x9 main.o
 .rodata.str1.1
                0x0080420f        0x3 Sensors.o
 *(.gnu.linkonce.r*)
                0x00804212                . = ALIGN (0x2)
                0x00804212                _edata = .
                0x00804212                PROVIDE (__data_end, .)

.bss            0x00804212      0xaf1
                0x00804212                PROVIDE (__bss_start, .)
 *(.bss)
 *(.bss*)
 .bss.motor_lookup.4845
                0x00804212      0x7d2 Controllers.o
 .bss.motor_throttles.4865
                0x008049e4        0x8 main.o
 .bss.Reference.4864
                0x008049ec       0x5c main.o
 .bss.Navigation_Bitmask.4866
                0x00804a48        0x1 main.o
 .bss.Drone.4863
                0x00804a49       0x5c main.o
 .bss.g_seconds
                0x00804aa5        0x4 main.o
                0x00804aa5                g_seconds
 .bss.g_LoRa_Flag
                0x00804aa9        0x1 main.o
 .bss.g_IMU_Read_Flag
                0x00804aaa        0x1 main.o
 .bss.g_Print_Flag
                0x00804aab        0x1 main.o
 .bss.g_Attitude_Observer_Run_Flag
                0x00804aac        0x1 main.o
 .bss.g_BAR_Read_Flag
                0x00804aad        0x1 main.o
 .bss.g_MAG_Read_Flag
                0x00804aae        0x1 main.o
 .bss.g_Motor_Run_Flag
                0x00804aaf        0x1 main.o
 .bss.Reference_Position_ecef.5011
                0x00804ab0        0xc Sensors.o
 .bss.reference_flag.5013
                0x00804abc        0x1 Sensors.o
 .bss.Longitude_window.4952
                0x00804abd       0x10 Sensors.o
 .bss.Latitude_window.4951
                0x00804acd       0x10 Sensors.o
 .bss.window_counter.4955
                0x00804add        0x1 Sensors.o
 .bss.GPS_Position_Mode.4954
                0x00804ade        0x1 Sensors.o
 .bss.GPS_Position_Status.4953
                0x00804adf        0x1 Sensors.o
 .bss.hard_iron.4902
                0x00804ae0        0x6 Sensors.o
 .bss.m_min.4901
                0x00804ae6        0x6 Sensors.o
 .bss.m_max.4900
                0x00804aec        0x6 Sensors.o
 .bss.m_xyz_window.4899
                0x00804af2       0x60 Sensors.o
 .bss.window_counter.4903
                0x00804b52        0x1 Sensors.o
 .bss.w_bias.4869
                0x00804b53        0x6 Sensors.o
 .bss.w_xyz_window.4868
                0x00804b59       0x30 Sensors.o
 .bss.a_xyz_window.4867
                0x00804b89       0x30 Sensors.o
 .bss.window_counter.4870
                0x00804bb9        0x1 Sensors.o
 .bss.pressure_window.4843
                0x00804bba       0x40 Sensors.o
 .bss.window_counter.4844
                0x00804bfa        0x1 Sensors.o
 .bss.g_GPS_Read_Flag
                0x00804bfb        0x1 Sensors.o
                0x00804bfb                g_GPS_Read_Flag
 .bss.g_GPS_Data_Index
                0x00804bfc        0x1 Sensors.o
                0x00804bfc                g_GPS_Data_Index
 .bss.g_GPS_Data
                0x00804bfd      0x100 Sensors.o
                0x00804bfd                g_GPS_Data
 *(COMMON)
 COMMON         0x00804cfd        0x4 c:/program files (x86)/atmel/studio/7.0/toolchain/avr8/avr8-gnu-toolchain/bin/../lib/gcc/avr/5.4.0/../../../../avr/lib/avrxmega4\libc.a(malloc.o)
                0x00804cfd                __brkval
                0x00804cff                __flp
 COMMON         0x00804d01        0x2 c:/program files (x86)/atmel/studio/7.0/toolchain/avr8/avr8-gnu-toolchain/bin/../lib/gcc/avr/5.4.0/../../../../avr/lib/avrxmega4\libc.a(errno.o)
                0x00804d01                errno
                0x00804d03                PROVIDE (__bss_end, .)
                0x00005050                __data_load_start = LOADADDR (.data)
                0x00005262                __data_load_end = (__data_load_start + SIZEOF (.data))

.noinit         0x00804d03        0x0
                [!provide]                PROVIDE (__noinit_start, .)
 *(.noinit*)
                [!provide]                PROVIDE (__noinit_end, .)
                0x00804d03                _end = .
                0x00804d03                PROVIDE (__heap_start, .)

.eeprom         0x00810000        0x0
 *(.eeprom*)
                0x00810000                __eeprom_end = .

.fuse
 *(.fuse)
 *(.lfuse)
 *(.hfuse)
 *(.efuse)

.lock
 *(.lock*)

.signature
 *(.signature*)

.user_signatures
 *(.user_signatures*)

.stab
 *(.stab)

.stabstr
 *(.stabstr)

.stab.excl
 *(.stab.excl)

.stab.exclstr
 *(.stab.exclstr)

.stab.index
 *(.stab.index)

.stab.indexstr
 *(.stab.indexstr)

.comment        0x00000000       0x5c
 *(.comment)
 .comment       0x00000000       0x30 Communication.o
                                 0x31 (size before relaxing)
 .comment       0x00000030       0x31 Controllers.o
 .comment       0x00000030       0x31 main.o
 .comment       0x00000030       0x31 Sensors.o
 .comment       0x00000030       0x2c c:/program files (x86)/atmel/studio/7.0/toolchain/avr8/avr8-gnu-toolchain/bin/../lib/gcc/avr/5.4.0/../../../../avr/lib/avrxmega4\libprintf_flt.a(vfprintf_flt.o)
                                 0x2d (size before relaxing)
 .comment       0x0000005c       0x31 c:/program files (x86)/atmel/studio/7.0/toolchain/avr8/avr8-gnu-toolchain/bin/../lib/gcc/avr/5.4.0/../../../../avr/lib/avrxmega4\libc.a(malloc.o)
 .comment       0x0000005c       0x31 c:/program files (x86)/atmel/studio/7.0/toolchain/avr8/avr8-gnu-toolchain/bin/../lib/gcc/avr/5.4.0/../../../../avr/lib/avrxmega4\libc.a(strtod.o)
 .comment       0x0000005c       0x31 c:/program files (x86)/atmel/studio/7.0/toolchain/avr8/avr8-gnu-toolchain/bin/../lib/gcc/avr/5.4.0/../../../../avr/lib/avrxmega4\libc.a(fputc.o)
 .comment       0x0000005c       0x31 c:/program files (x86)/atmel/studio/7.0/toolchain/avr8/avr8-gnu-toolchain/bin/../lib/gcc/avr/5.4.0/../../../../avr/lib/avrxmega4\libc.a(snprintf.o)
 .comment       0x0000005c       0x2d c:/program files (x86)/atmel/studio/7.0/toolchain/avr8/avr8-gnu-toolchain/bin/../lib/gcc/avr/5.4.0/../../../../avr/lib/avrxmega4\libc.a(errno.o)

.note.gnu.avr.deviceinfo
                0x00000000       0x40
 .note.gnu.avr.deviceinfo
                0x00000000       0x40 C:/Program Files (x86)/Atmel/Studio/7.0/Packs/Atmel/AVR-Dx_DFP/2.6.303/gcc/dev/avr128db48/avrxmega4/crtavr128db48.o

.note.gnu.build-id
 *(.note.gnu.build-id)

.debug
 *(.debug)

.line
 *(.line)

.debug_srcinfo
 *(.debug_srcinfo)

.debug_sfnames
 *(.debug_sfnames)

.debug_aranges
 *(.debug_aranges)

.debug_pubnames
 *(.debug_pubnames)

.debug_info     0x00000000     0x3545
 *(.debug_info .gnu.linkonce.wi.*)
 .debug_info    0x00000000     0x3545 C:/Program Files (x86)/Atmel/Studio/7.0/Packs/Atmel/AVR-Dx_DFP/2.6.303/gcc/dev/avr128db48/avrxmega4/crtavr128db48.o

.debug_abbrev   0x00000000     0x3274
 *(.debug_abbrev)
 .debug_abbrev  0x00000000     0x3274 C:/Program Files (x86)/Atmel/Studio/7.0/Packs/Atmel/AVR-Dx_DFP/2.6.303/gcc/dev/avr128db48/avrxmega4/crtavr128db48.o

.debug_line     0x00000000      0x205
 *(.debug_line .debug_line.* .debug_line_end)
 .debug_line    0x00000000      0x205 C:/Program Files (x86)/Atmel/Studio/7.0/Packs/Atmel/AVR-Dx_DFP/2.6.303/gcc/dev/avr128db48/avrxmega4/crtavr128db48.o

.debug_frame
 *(.debug_frame)

.debug_str      0x00000000     0x170f
 *(.debug_str)
 .debug_str     0x00000000     0x170f C:/Program Files (x86)/Atmel/Studio/7.0/Packs/Atmel/AVR-Dx_DFP/2.6.303/gcc/dev/avr128db48/avrxmega4/crtavr128db48.o

.debug_loc
 *(.debug_loc)

.debug_macinfo
 *(.debug_macinfo)

.debug_weaknames
 *(.debug_weaknames)

.debug_funcnames
 *(.debug_funcnames)

.debug_typenames
 *(.debug_typenames)

.debug_varnames
 *(.debug_varnames)

.debug_pubtypes
 *(.debug_pubtypes)

.debug_ranges
 *(.debug_ranges)

.debug_macro
 *(.debug_macro)
OUTPUT(Flight_Controller.elf elf32-avr)
LOAD linker stubs
